Component: ARM Compiler 5.06 update 6 (build 750) Tool: armlink [4d35ed]

==============================================================================

Section Cross References

    startup_stm32f407xx.o(RESET) refers to startup_stm32f407xx.o(STACK) for __initial_sp
    startup_stm32f407xx.o(RESET) refers to startup_stm32f407xx.o(.text) for Reset_Handler
    startup_stm32f407xx.o(RESET) refers to stm32f4xx_mc_it.o(i.HardFault_Handler) for HardFault_Handler
    startup_stm32f407xx.o(RESET) refers to stm32f4xx_mc_it.o(i.SysTick_Handler) for SysTick_Handler
    startup_stm32f407xx.o(RESET) refers to stm32f4xx_mc_it.o(i.ADC_IRQHandler) for ADC_IRQHandler
    startup_stm32f407xx.o(RESET) refers to stm32f4xx_mc_it.o(i.EXTI9_5_IRQHandler) for EXTI9_5_IRQHandler
    startup_stm32f407xx.o(RESET) refers to stm32f4xx_mc_it.o(i.TIM1_BRK_TIM9_IRQHandler) for TIM1_BRK_TIM9_IRQHandler
    startup_stm32f407xx.o(RESET) refers to stm32f4xx_mc_it.o(i.TIM1_UP_TIM10_IRQHandler) for TIM1_UP_TIM10_IRQHandler
    startup_stm32f407xx.o(RESET) refers to stm32f4xx_mc_it.o(i.USART1_IRQHandler) for USART1_IRQHandler
    startup_stm32f407xx.o(.text) refers to system_stm32f4xx.o(i.SystemInit) for SystemInit
    startup_stm32f407xx.o(.text) refers to entry.o(.ARM.Collect$$$$00000000) for __main
    mc_api.o(i.MC_AcknowledgeFaultMotor1) refers to mc_interface.o(i.MCI_FaultAcknowledged) for MCI_FaultAcknowledged
    mc_api.o(i.MC_AcknowledgeFaultMotor1) refers to motorcontrol.o(.data) for pMCI
    mc_api.o(i.MC_Clear_IqdrefMotor1) refers to mc_interface.o(i.MCI_Clear_Iqdref) for MCI_Clear_Iqdref
    mc_api.o(i.MC_Clear_IqdrefMotor1) refers to motorcontrol.o(.data) for pMCI
    mc_api.o(i.MC_GetCommandStateMotor1) refers to mc_interface.o(i.MCI_IsCommandAcknowledged) for MCI_IsCommandAcknowledged
    mc_api.o(i.MC_GetCommandStateMotor1) refers to motorcontrol.o(.data) for pMCI
    mc_api.o(i.MC_GetControlModeMotor1) refers to mc_interface.o(i.MCI_GetControlMode) for MCI_GetControlMode
    mc_api.o(i.MC_GetControlModeMotor1) refers to motorcontrol.o(.data) for pMCI
    mc_api.o(i.MC_GetCurrentFaultsMotor1) refers to mc_interface.o(i.MCI_GetCurrentFaults) for MCI_GetCurrentFaults
    mc_api.o(i.MC_GetCurrentFaultsMotor1) refers to motorcontrol.o(.data) for pMCI
    mc_api.o(i.MC_GetElAngledppMotor1) refers to mc_interface.o(i.MCI_GetElAngledpp) for MCI_GetElAngledpp
    mc_api.o(i.MC_GetElAngledppMotor1) refers to motorcontrol.o(.data) for pMCI
    mc_api.o(i.MC_GetIabMotor1) refers to mc_interface.o(i.MCI_GetIab) for MCI_GetIab
    mc_api.o(i.MC_GetIabMotor1) refers to motorcontrol.o(.data) for pMCI
    mc_api.o(i.MC_GetIalphabetaMotor1) refers to mc_interface.o(i.MCI_GetIalphabeta) for MCI_GetIalphabeta
    mc_api.o(i.MC_GetIalphabetaMotor1) refers to motorcontrol.o(.data) for pMCI
    mc_api.o(i.MC_GetImposedDirectionMotor1) refers to mc_interface.o(i.MCI_GetImposedMotorDirection) for MCI_GetImposedMotorDirection
    mc_api.o(i.MC_GetImposedDirectionMotor1) refers to motorcontrol.o(.data) for pMCI
    mc_api.o(i.MC_GetIqdMotor1) refers to mc_interface.o(i.MCI_GetIqd) for MCI_GetIqd
    mc_api.o(i.MC_GetIqdMotor1) refers to motorcontrol.o(.data) for pMCI
    mc_api.o(i.MC_GetIqdrefMotor1) refers to mc_interface.o(i.MCI_GetIqdref) for MCI_GetIqdref
    mc_api.o(i.MC_GetIqdrefMotor1) refers to motorcontrol.o(.data) for pMCI
    mc_api.o(i.MC_GetLastRampFinalSpeedMotor1) refers to mc_interface.o(i.MCI_GetLastRampFinalSpeed) for MCI_GetLastRampFinalSpeed
    mc_api.o(i.MC_GetLastRampFinalSpeedMotor1) refers to motorcontrol.o(.data) for pMCI
    mc_api.o(i.MC_GetMecSpeedAverageMotor1) refers to mc_interface.o(i.MCI_GetAvrgMecSpeedUnit) for MCI_GetAvrgMecSpeedUnit
    mc_api.o(i.MC_GetMecSpeedAverageMotor1) refers to motorcontrol.o(.data) for pMCI
    mc_api.o(i.MC_GetMecSpeedReferenceMotor1) refers to mc_interface.o(i.MCI_GetMecSpeedRefUnit) for MCI_GetMecSpeedRefUnit
    mc_api.o(i.MC_GetMecSpeedReferenceMotor1) refers to motorcontrol.o(.data) for pMCI
    mc_api.o(i.MC_GetOccurredFaultsMotor1) refers to mc_interface.o(i.MCI_GetOccurredFaults) for MCI_GetOccurredFaults
    mc_api.o(i.MC_GetOccurredFaultsMotor1) refers to motorcontrol.o(.data) for pMCI
    mc_api.o(i.MC_GetPhaseCurrentAmplitudeMotor1) refers to mc_interface.o(i.MCI_GetPhaseCurrentAmplitude) for MCI_GetPhaseCurrentAmplitude
    mc_api.o(i.MC_GetPhaseCurrentAmplitudeMotor1) refers to motorcontrol.o(.data) for pMCI
    mc_api.o(i.MC_GetPhaseVoltageAmplitudeMotor1) refers to mc_interface.o(i.MCI_GetPhaseVoltageAmplitude) for MCI_GetPhaseVoltageAmplitude
    mc_api.o(i.MC_GetPhaseVoltageAmplitudeMotor1) refers to motorcontrol.o(.data) for pMCI
    mc_api.o(i.MC_GetSTMStateMotor1) refers to mc_interface.o(i.MCI_GetSTMState) for MCI_GetSTMState
    mc_api.o(i.MC_GetSTMStateMotor1) refers to motorcontrol.o(.data) for pMCI
    mc_api.o(i.MC_GetSpeedSensorReliabilityMotor1) refers to mc_interface.o(i.MCI_GetSpdSensorReliability) for MCI_GetSpdSensorReliability
[...]
    .bss                                     0x20000700   Section       24  mc_config.o(.bss)
    .bss                                     0x20000718   Section       20  mc_config.o(.bss)
    .bss                                     0x2000072c   Section      152  mc_tasks.o(.bss)
    .bss                                     0x200007c4   Section       48  regular_conversion_manager.o(.bss)
    .bss                                     0x200007f4   Section      176  ui_task.o(.bss)
    .bss                                     0x200008a4   Section      272  main.o(.bss)
    STACK                                    0x200009b8   Section     1024  startup_stm32f407xx.o(STACK)

    Global Symbols

    Symbol Name                              Value     Ov Type        Size  Object(Section)

    BuildAttributes$$THM_ISAv4$E$P$D$K$B$S$7EM$VFPi3$EXTD16$VFPS$VFMA$PE$A:L22UL41UL21$X:L11$S22US41US21$IEEE1$IW$USESV6$~STKCKD$USESV7$~SHL$OSPACE$EBA8$MICROLIB$REQ8$PRES8$EABIv2 0x00000000   Number         0  anon$$obj.o ABSOLUTE
    __ARM_use_no_argv                        0x00000000   Number         0  main.o ABSOLUTE
    __cpp_initialize__aeabi_                  - Undefined Weak Reference
    __cxa_finalize                            - Undefined Weak Reference
    _clock_init                               - Undefined Weak Reference
    _microlib_exit                            - Undefined Weak Reference
    __Vectors_Size                           0x00000188   Number         0  startup_stm32f407xx.o ABSOLUTE
    __Vectors                                0x08000000   Data           4  startup_stm32f407xx.o(RESET)
    __Vectors_End                            0x08000188   Data           0  startup_stm32f407xx.o(RESET)
    __main                                   0x08000189   Thumb Code     0  entry.o(.ARM.Collect$$$$00000000)
    _main_stk                                0x08000189   Thumb Code     0  entry2.o(.ARM.Collect$$$$00000001)
    _main_scatterload                        0x0800018d   Thumb Code     0  entry5.o(.ARM.Collect$$$$00000004)
    __main_after_scatterload                 0x08000191   Thumb Code     0  entry5.o(.ARM.Collect$$$$00000004)
    _main_clock                              0x08000191   Thumb Code     0  entry7b.o(.ARM.Collect$$$$00000008)
    _main_cpp_init                           0x08000191   Thumb Code     0  entry8b.o(.ARM.Collect$$$$0000000A)
    _main_init                               0x08000191   Thumb Code     0  entry9a.o(.ARM.Collect$$$$0000000B)
    __rt_final_cpp                           0x08000199   Thumb Code     0  entry10a.o(.ARM.Collect$$$$0000000D)
    __rt_final_exit                          0x08000199   Thumb Code     0  entry11a.o(.ARM.Collect$$$$0000000F)
    Reset_Handler                            0x0800019d   Thumb Code     8  startup_stm32f407xx.o(.text)
    NMI_Handler                              0x080001a5   Thumb Code     2  startup_stm32f407xx.o(.text)
    MemManage_Handler                        0x080001a9   Thumb Code     2  startup_stm32f407xx.o(.text)
    BusFault_Handler                         0x080001ab   Thumb Code     2  startup_stm32f407xx.o(.text)
    UsageFault_Handler                       0x080001ad   Thumb Code     2  startup_stm32f407xx.o(.text)
    SVC_Handler                              0x080001af   Thumb Code     2  startup_stm32f407xx.o(.text)
    DebugMon_Handler                         0x080001b1   Thumb Code     2  startup_stm32f407xx.o(.text)
    PendSV_Handler                           0x080001b3   Thumb Code     2  startup_stm32f407xx.o(.text)
    CAN1_RX0_IRQHandler                      0x080001b7   Thumb Code     0  startup_stm32f407xx.o(.text)
    CAN1_RX1_IRQHandler                      0x080001b7   Thumb Code     0  startup_stm32f407xx.o(.text)
    CAN1_SCE_IRQHandler                      0x080001b7   Thumb Code     0  startup_stm32f407xx.o(.text)
    CAN1_TX_IRQHandler                       0x080001b7   Thumb Code     0  startup_stm32f407xx.o(.text)
    CAN2_RX0_IRQHandler                      0x080001b7   Thumb Code     0  startup_stm32f407xx.o(.text)
    CAN2_RX1_IRQHandler                      0x080001b7   Thumb Code     0  startup_stm32f407xx.o(.text)
    CAN2_SCE_IRQHandler                      0x080001b7   Thumb Code     0  startup_stm32f407xx.o(.text)
    CAN2_TX_IRQHandler                       0x080001b7   Thumb Code     0  startup_stm32f407xx.o(.text)
    DCMI_IRQHandler                          0x080001b7   Thumb Code     0  startup_stm32f407xx.o(.text)
    DMA1_Stream0_IRQHandler                  0x080001b7   Thumb Code     0  startup_stm32f407xx.o(.text)
    DMA1_Stream1_IRQHandler                  0x080001b7   Thumb Code     0  startup_stm32f407xx.o(.text)
    DMA1_Stream2_IRQHandler                  0x080001b7   Thumb Code     0  startup_stm32f407xx.o(.text)
    DMA1_Stream3_IRQHandler                  0x080001b7   Thumb Code     0  startup_stm32f407xx.o(.text)
    DMA1_Stream4_IRQHandler                  0x080001b7   Thumb Code     0  startup_stm32f407xx.o(.text)
    DMA1_Stream5_IRQHandler                  0x080001b7   Thumb Code     0  startup_stm32f407xx.o(.text)
    DMA1_Stream6_IRQHandler                  0x080001b7   Thumb Code     0  startup_stm32f407xx.o(.text)
    DMA1_Stream7_IRQHandler                  0x080001b7   Thumb Code     0  startup_stm32f407xx.o(.text)
    DMA2_Stream0_IRQHandler                  0x080001b7   Thumb Code     0  startup_stm32f407xx.o(.text)
    DMA2_Stream1_IRQHandler                  0x080001b7   Thumb Code     0  startup_stm32f407xx.o(.text)
    DMA2_Stream2_IRQHandler                  0x080001b7   Thumb Code     0  startup_stm32f407xx.o(.text)
    DMA2_Stream3_IRQHandler                  0x080001b7   Thumb Code     0  startup_stm32f407xx.o(.text)
    DMA2_Stream4_IRQHandler                  0x080001b7   Thumb Code     0  startup_stm32f407xx.o(.text)
    DMA2_Stream5_IRQHandler                  0x080001b7   Thumb Code     0  startup_stm32f407xx.o(.text)
    DMA2_Stream6_IRQHandler                  0x080001b7   Thumb Code     0  startup_stm32f407xx.o(.text)
    DMA2_Stream7_IRQHandler                  0x080001b7   Thumb Code     0  startup_stm32f407xx.o(.text)
    ETH_IRQHandler                           0x080001b7   Thumb Code     0  startup_stm32f407xx.o(.text)
    ETH_WKUP_IRQHandler                      0x080001b7   Thumb Code     0  startup_stm32f407xx.o(.text)
    EXTI0_IRQHandler                         0x080001b7   Thumb Code     0  startup_stm32f407xx.o(.text)
    EXTI15_10_IRQHandler                     0x080001b7   Thumb Code     0  startup_stm32f407xx.o(.text)
    EXTI1_IRQHandler                         0x080001b7   Thumb Code     0  startup_stm32f407xx.o(.text)
    EXTI2_IRQHandler                         0x080001b7   Thumb Code     0  startup_stm32f407xx.o(.text)
    EXTI3_IRQHandler                         0x080001b7   Thumb Code     0  startup_stm32f407xx.o(.text)
    EXTI4_IRQHandler                         0x080001b7   Thumb Code     0  startup_stm32f407xx.o(.text)
    FLASH_IRQHandler                         0x080001b7   Thumb Code     0  startup_stm32f407xx.o(.text)
    FMC_IRQHandler                           0x080001b7   Thumb Code     0  startup_stm32f407xx.o(.text)
    FPU_IRQHandler                           0x080001b7   Thumb Code     0  startup_stm32f407xx.o(.text)
    HASH_RNG_IRQHandler                      0x080001b7   Thumb Code     0  startup_stm32f407xx.o(.text)
    I2C1_ER_IRQHandler                       0x080001b7   Thumb Code     0  startup_stm32f407xx.o(.text)
    I2C1_EV_IRQHandler                       0x080001b7   Thumb Code     0  startup_stm32f407xx.o(.text)
    I2C2_ER_IRQHandler                       0x080001b7   Thumb Code     0  startup_stm32f407xx.o(.text)
    I2C2_EV_IRQHandler                       0x080001b7   Thumb Code     0  startup_stm32f407xx.o(.text)
    I2C3_ER_IRQHandler                       0x080001b7   Thumb Code     0  startup_stm32f407xx.o(.text)
    I2C3_EV_IRQHandler                       0x080001b7   Thumb Code     0  startup_stm32f407xx.o(.text)
    OTG_FS_IRQHandler                        0x080001b7   Thumb Code     0  startup_stm32f407xx.o(.text)
    OTG_FS_WKUP_IRQHandler                   0x080001b7   Thumb Code     0  startup_stm32f407xx.o(.text)
    OTG_HS_EP1_IN_IRQHandler                 0x080001b7   Thumb Code     0  startup_stm32f407xx.o(.text)
    OTG_HS_EP1_OUT_IRQHandler                0x080001b7   Thumb Code     0  startup_stm32f407xx.o(.text)
    OTG_HS_IRQHandler                        0x080001b7   Thumb Code     0  startup_stm32f407xx.o(.text)
    OTG_HS_WKUP_IRQHandler                   0x080001b7   Thumb Code     0  startup_stm32f407xx.o(.text)
    PVD_IRQHandler                           0x080001b7   Thumb Code     0  startup_stm32f407xx.o(.text)
    RCC_IRQHandler                           0x080001b7   Thumb Code     0  startup_stm32f407xx.o(.text)
    RTC_Alarm_IRQHandler                     0x080001b7   Thumb Code     0  startup_stm32f407xx.o(.text)
    RTC_WKUP_IRQHandler                      0x080001b7   Thumb Code     0  startup_stm32f407xx.o(.text)
    SDIO_IRQHandler                          0x080001b7   Thumb Code     0  startup_stm32f407xx.o(.text)
    SPI1_IRQHandler                          0x080001b7   Thumb Code     0  startup_stm32f407xx.o(.text)
    SPI2_IRQHandler                          0x080001b7   Thumb Code     0  startup_stm32f407xx.o(.text)
    SPI3_IRQHandler                          0x080001b7   Thumb Code     0  startup_stm32f407xx.o(.text)
    TAMP_STAMP_IRQHandler                    0x080001b7   Thumb Code     0  startup_stm32f407xx.o(.text)
    TIM1_CC_IRQHandler                       0x080001b7   Thumb Code     0  startup_stm32f407xx.o(.text)
    TIM1_TRG_COM_TIM11_IRQHandler            0x080001b7   Thumb Code     0  startup_stm32f407xx.o(.text)
    TIM2_IRQHandler                          0x080001b7   Thumb Code     0  startup_stm32f407xx.o(.text)
    TIM3_IRQHandler                          0x080001b7   Thumb Code     0  startup_stm32f407xx.o(.text)
    TIM4_IRQHandler                          0x080001b7   Thumb Code     0  startup_stm32f407xx.o(.text)
    TIM5_IRQHandler                          0x080001b7   Thumb Code     0  startup_stm32f407xx.o(.text)
    TIM6_DAC_IRQHandler                      0x080001b7   Thumb Code     0  startup_stm32f407xx.o(.text)
    TIM7_IRQHandler                          0x080001b7   Thumb Code     0  startup_stm32f407xx.o(.text)
    TIM8_BRK_TIM12_IRQHandler                0x080001b7   Thumb Code     0  startup_stm32f407xx.o(.text)
    TIM8_CC_IRQHandler                       0x080001b7   Thumb Code     0  startup_stm32f407xx.o(.text)
    TIM8_TRG_COM_TIM14_IRQHandler            0x080001b7   Thumb Code     0  startup_stm32f407xx.o(.text)
    TIM8_UP_TIM13_IRQHandler                 0x080001b7   Thumb Code     0  startup_stm32f407xx.o(.text)
    UART4_IRQHandler                         0x080001b7   Thumb Code     0  startup_stm32f407xx.o(.text)
    UART5_IRQHandler                         0x080001b7   Thumb Code     0  startup_stm32f407xx.o(.text)
    USART2_IRQHandler                        0x080001b7   Thumb Code     0  startup_stm32f407xx.o(.text)
    USART3_IRQHandler                        0x080001b7   Thumb Code     0  startup_stm32f407xx.o(.text)
    USART6_IRQHandler                        0x080001b7   Thumb Code     0  startup_stm32f407xx.o(.text)
    WWDG_IRQHandler                          0x080001b7   Thumb Code     0  startup_stm32f407xx.o(.text)
    __aeabi_uldivmod                         0x080001c1   Thumb Code    98  uldiv.o(.text)
    __aeabi_memcpy                           0x08000223   Thumb Code    36  memcpya.o(.text)
    __aeabi_memcpy4                          0x08000223   Thumb Code     0  memcpya.o(.text)
    __aeabi_memcpy8                          0x08000223   Thumb Code     0  memcpya.o(.text)
    __aeabi_memset                           0x08000247   Thumb Code    14  memseta.o(.text)
    __aeabi_memset4                          0x08000247   Thumb Code     0  memseta.o(.text)
    __aeabi_memset8                          0x08000247   Thumb Code     0  memseta.o(.text)
    __aeabi_memclr                           0x08000255   Thumb Code     4  memseta.o(.text)
    __aeabi_memclr4                          0x08000255   Thumb Code     0  memseta.o(.text)
    __aeabi_memclr8                          0x08000255   Thumb Code     0  memseta.o(.text)
    _memset$wrapper                          0x08000259   Thumb Code    18  memseta.o(.text)
    __aeabi_llsl                             0x0800026b   Thumb Code    30  llshl.o(.text)
    _ll_shift_l                              0x0800026b   Thumb Code     0  llshl.o(.text)
    __aeabi_llsr                             0x08000289   Thumb Code    32  llushr.o(.text)
    _ll_ushift_r                             0x08000289   Thumb Code     0  llushr.o(.text)
    __scatterload                            0x080002a9   Thumb Code    28  init.o(.text)
    __scatterload_rt2                        0x080002a9   Thumb Code     0  init.o(.text)
    __decompress                             0x080002cd   Thumb Code     0  __dczerorl2.o(.text)
    __decompress1                            0x080002cd   Thumb Code    86  __dczerorl2.o(.text)
    ADC_IRQHandler                           0x08000325   Thumb Code    36  stm32f4xx_mc_it.o(i.ADC_IRQHandler)
    Circle_Limitation                        0x08000475   Thumb Code    72  circle_limitation.o(i.Circle_Limitation)
    EXTI9_5_IRQHandler                       0x080004bd   Thumb Code    20  stm32f4xx_mc_it.o(i.EXTI9_5_IRQHandler)
    FCP_CalcCRC                              0x080004d5   Thumb Code    42  frame_communication_protocol.o(i.FCP_CalcCRC)
    FCP_Init                                 0x080004ff   Thumb Code    42  frame_communication_protocol.o(i.FCP_Init)
    FCP_SetClient                            0x08000529   Thumb Code    14  frame_communication_protocol.o(i.FCP_SetClient)
    FOC_CalcCurrRef                          0x08000539   Thumb Code    40  mc_tasks.o(i.FOC_CalcCurrRef)
    FOC_Clear                                0x08000569   Thumb Code    92  mc_tasks.o(i.FOC_Clear)
    FOC_InitAdditionalMethods                0x0800067d   Thumb Code     2  mc_tasks.o(i.FOC_InitAdditionalMethods)
    HAL_ADCEx_InjectedConfigChannel          0x08000681   Thumb Code   428  stm32f4xx_hal_adc_ex.o(i.HAL_ADCEx_InjectedConfigChannel)
    HAL_ADC_ConfigChannel                    0x0800083d   Thumb Code   316  stm32f4xx_hal_adc.o(i.HAL_ADC_ConfigChannel)
    HAL_ADC_Init                             0x08000989   Thumb Code    84  stm32f4xx_hal_adc.o(i.HAL_ADC_Init)
    HAL_ADC_MspInit                          0x080009dd   Thumb Code   176  stm32f4xx_hal_msp.o(i.HAL_ADC_MspInit)
    HAL_GPIO_Init                            0x08000aa1   Thumb Code   394  stm32f4xx_hal_gpio.o(i.HAL_GPIO_Init)
    HAL_GetTick                              0x08000c59   Thumb Code     6  stm32f4xx_hal.o(i.HAL_GetTick)
    HAL_IncTick                              0x08000c65   Thumb Code    12  stm32f4xx_hal.o(i.HAL_IncTick)
    HAL_Init                                 0x08000c75   Thumb Code    48  stm32f4xx_hal.o(i.HAL_Init)
    HAL_InitTick                             0x08000ca9   Thumb Code    54  stm32f4xx_hal.o(i.HAL_InitTick)
    HAL_MspInit                              0x08000ce9   Thumb Code    42  stm32f4xx_hal_msp.o(i.HAL_MspInit)
    HAL_NVIC_EnableIRQ                       0x08000d19   Thumb Code    26  stm32f4xx_hal_cortex.o(i.HAL_NVIC_EnableIRQ)
    HAL_NVIC_SetPriority                     0x08000d35   Thumb Code    60  stm32f4xx_hal_cortex.o(i.HAL_NVIC_SetPriority)
    HAL_NVIC_SetPriorityGrouping             0x08000d75   Thumb Code    26  stm32f4xx_hal_cortex.o(i.HAL_NVIC_SetPriorityGrouping)
    HAL_RCC_ClockConfig                      0x08000d99   Thumb Code   288  stm32f4xx_hal_rcc.o(i.HAL_RCC_ClockConfig)
    HAL_RCC_GetHCLKFreq                      0x08000ecd   Thumb Code     6  stm32f4xx_hal_rcc.o(i.HAL_RCC_GetHCLKFreq)
    HAL_RCC_GetPCLK1Freq                     0x08000ed9   Thumb Code    20  stm32f4xx_hal_rcc.o(i.HAL_RCC_GetPCLK1Freq)
    HAL_RCC_GetPCLK2Freq                     0x08000ef9   Thumb Code    20  stm32f4xx_hal_rcc.o(i.HAL_RCC_GetPCLK2Freq)
    HAL_RCC_GetSysClockFreq                  0x08000f19   Thumb Code    88  stm32f4xx_hal_rcc.o(i.HAL_RCC_GetSysClockFreq)
    HAL_RCC_OscConfig                        0x08000f79   Thumb Code   840  stm32f4xx_hal_rcc.o(i.HAL_RCC_OscConfig)
    HAL_SYSTICK_Callback                     0x080012d5   Thumb Code     2  stm32f4xx_hal_cortex.o(i.HAL_SYSTICK_Callback)
    HAL_SYSTICK_Config                       0x080012d7   Thumb Code    40  stm32f4xx_hal_cortex.o(i.HAL_SYSTICK_Config)
    HAL_SYSTICK_IRQHandler                   0x080012ff   Thumb Code     8  stm32f4xx_hal_cortex.o(i.HAL_SYSTICK_IRQHandler)
    HAL_TIMEx_ConfigBreakDeadTime            0x08001307   Thumb Code    84  stm32f4xx_hal_tim_ex.o(i.HAL_TIMEx_ConfigBreakDeadTime)
    HAL_TIMEx_MasterConfigSynchronization    0x0800135d   Thumb Code   116  stm32f4xx_hal_tim_ex.o(i.HAL_TIMEx_MasterConfigSynchronization)
    HAL_TIM_Base_Init                        0x080013ed   Thumb Code    54  stm32f4xx_hal_tim.o(i.HAL_TIM_Base_Init)
    HAL_TIM_Base_MspInit                     0x08001425   Thumb Code    92  stm32f4xx_hal_msp.o(i.HAL_TIM_Base_MspInit)
    HAL_TIM_MspPostInit                      0x0800148d   Thumb Code   108  stm32f4xx_hal_msp.o(i.HAL_TIM_MspPostInit)
    HAL_TIM_PWM_ConfigChannel                0x08001509   Thumb Code   208  stm32f4xx_hal_tim.o(i.HAL_TIM_PWM_ConfigChannel)
    HAL_TIM_PWM_Init                         0x080015d9   Thumb Code    54  stm32f4xx_hal_tim.o(i.HAL_TIM_PWM_Init)
    HAL_TIM_PWM_MspInit                      0x0800160f   Thumb Code     2  stm32f4xx_hal_tim.o(i.HAL_TIM_PWM_MspInit)
    HAL_TIM_SlaveConfigSynchro               0x08001611   Thumb Code    86  stm32f4xx_hal_tim.o(i.HAL_TIM_SlaveConfigSynchro)
    HAL_UART_Init                            0x08001667   Thumb Code    98  stm32f4xx_hal_uart.o(i.HAL_UART_Init)
    HAL_UART_MspInit                         0x080016c9   Thumb Code    94  stm32f4xx_hal_msp.o(i.HAL_UART_MspInit)
    HardFault_Handler                        0x08001735   Thumb Code   102  stm32f4xx_mc_it.o(i.HardFault_Handler)
    MCI_Clear_Iqdref                         0x080018e1   Thumb Code    16  mc_interface.o(i.MCI_Clear_Iqdref)
    MCI_EncoderAlign                         0x080018f1   Thumb Code     8  mc_interface.o(i.MCI_EncoderAlign)
    MCI_ExecBufferedCommands                 0x080018f9   Thumb Code   108  mc_interface.o(i.MCI_ExecBufferedCommands)
    MCI_ExecSpeedRamp                        0x08001965   Thumb Code    14  mc_interface.o(i.MCI_ExecSpeedRamp)
    MCI_ExecTorqueRamp                       0x08001973   Thumb Code    18  mc_interface.o(i.MCI_ExecTorqueRamp)
    MCI_FaultAcknowledged                    0x08001985   Thumb Code     6  mc_interface.o(i.MCI_FaultAcknowledged)
    MCI_GetAvrgMecSpeedUnit                  0x0800198b   Thumb Code    16  mc_interface.o(i.MCI_GetAvrgMecSpeedUnit)
    MCI_GetControlMode                       0x0800199b   Thumb Code     4  mc_interface.o(i.MCI_GetControlMode)
    MCI_GetIab                               0x0800199f   Thumb Code     6  mc_interface.o(i.MCI_GetIab)
    MCI_GetIalphabeta                        0x080019a5   Thumb Code     6  mc_interface.o(i.MCI_GetIalphabeta)
    MCI_GetImposedMotorDirection             0x080019ab   Thumb Code    46  mc_interface.o(i.MCI_GetImposedMotorDirection)
    MCI_GetIqd                               0x080019d9   Thumb Code     6  mc_interface.o(i.MCI_GetIqd)
    MCI_GetIqdref                            0x080019df   Thumb Code     6  mc_interface.o(i.MCI_GetIqdref)
    MCI_GetLastRampFinalSpeed                0x080019e5   Thumb Code    16  mc_interface.o(i.MCI_GetLastRampFinalSpeed)
    MCI_GetMecSpeedRefUnit                   0x080019f5   Thumb Code     6  mc_interface.o(i.MCI_GetMecSpeedRefUnit)
    MCI_GetSTMState                          0x080019fb   Thumb Code     6  mc_interface.o(i.MCI_GetSTMState)
    MCI_GetTeref                             0x08001a01   Thumb Code     8  mc_interface.o(i.MCI_GetTeref)
    MCI_GetValphabeta                        0x08001a09   Thumb Code     8  mc_interface.o(i.MCI_GetValphabeta)
    MCI_GetVqd                               0x08001a11   Thumb Code     8  mc_interface.o(i.MCI_GetVqd)
    MCI_Init                                 0x08001a19   Thumb Code    18  mc_interface.o(i.MCI_Init)
    MCI_SetCurrentReferences                 0x08001a2b   Thumb Code    20  mc_interface.o(i.MCI_SetCurrentReferences)
    MCI_SetIdref                             0x08001a3f   Thumb Code    10  mc_interface.o(i.MCI_SetIdref)
    MCI_StartMotor                           0x08001a49   Thumb Code    22  mc_interface.o(i.MCI_StartMotor)
    MCI_StopMotor                            0x08001a5f   Thumb Code     8  mc_interface.o(i.MCI_StopMotor)
    MCI_StopRamp                             0x08001a67   Thumb Code     6  mc_interface.o(i.MCI_StopRamp)
    MCM_Clarke                               0x08001a6d   Thumb Code    68  mc_math.o(i.MCM_Clarke)
    MCM_Park                                 0x08001ab5   Thumb Code   120  mc_math.o(i.MCM_Park)
    MCM_Rev_Park                             0x08001b31   Thumb Code    52  mc_math.o(i.MCM_Rev_Park)
    MCM_Trig_Functions                       0x08001b65   Thumb Code   108  mc_math.o(i.MCM_Trig_Functions)
    MCP_Init                                 0x08001bd5   Thumb Code    52  motor_control_protocol.o(i.MCP_Init)
    MCP_OnTimeOut                            0x08001c15   Thumb Code     8  motor_control_protocol.o(i.MCP_OnTimeOut)
    MCP_ReceivedFrame                        0x08001c1d   Thumb Code  1502  motor_control_protocol.o(i.MCP_ReceivedFrame)
    MCP_SentFrame                            0x08002201   Thumb Code     8  motor_control_protocol.o(i.MCP_SentFrame)
    MCP_WaitNextFrame                        0x08002209   Thumb Code    26  motor_control_protocol.o(i.MCP_WaitNextFrame)
    MC_GetSTMStateMotor1                     0x08002225   Thumb Code     8  mc_api.o(i.MC_GetSTMStateMotor1)
    MC_RunMotorControlTasks                  0x08002231   Thumb Code    28  mc_tasks.o(i.MC_RunMotorControlTasks)
    MC_Scheduler                             0x08002251   Thumb Code    52  mc_tasks.o(i.MC_Scheduler)
    MC_StartMotor1                           0x08002289   Thumb Code     8  mc_api.o(i.MC_StartMotor1)
    MC_StopMotor1                            0x08002295   Thumb Code     8  mc_api.o(i.MC_StopMotor1)
    MCboot                                   0x080022a1   Thumb Code   364  mc_tasks.o(i.MCboot)
    MPM_CalcElMotorPower                     0x0800244d   Thumb Code    70  motor_power_measurement.o(i.MPM_CalcElMotorPower)
    MPM_Clear                                0x08002493   Thumb Code    26  motor_power_measurement.o(i.MPM_Clear)
    MPM_GetAvrgElMotorPowerW                 0x080024ad   Thumb Code     6  motor_power_measurement.o(i.MPM_GetAvrgElMotorPowerW)
    MX_MotorControl_Init                     0x080026c9   Thumb Code    48  motorcontrol.o(i.MX_MotorControl_Init)
    NTC_CalcAvTemp                           0x08002815   Thumb Code    60  ntc_temperature_sensor.o(i.NTC_CalcAvTemp)
    NTC_Clear                                0x08002851   Thumb Code     6  ntc_temperature_sensor.o(i.NTC_Clear)
    NTC_GetAvTemp_C                          0x08002857   Thumb Code    36  ntc_temperature_sensor.o(i.NTC_GetAvTemp_C)
    NTC_Init                                 0x0800287b   Thumb Code    36  ntc_temperature_sensor.o(i.NTC_Init)
    NTC_SetFaultState                        0x0800289f   Thumb Code    26  ntc_temperature_sensor.o(i.NTC_SetFaultState)
    PID_GetKD                                0x080028b9   Thumb Code     6  pid_regulator.o(i.PID_GetKD)
    PID_GetKI                                0x080028bf   Thumb Code     6  pid_regulator.o(i.PID_GetKI)
    PID_GetKIDivisor                         0x080028c5   Thumb Code     4  pid_regulator.o(i.PID_GetKIDivisor)
    PID_GetKP                                0x080028c9   Thumb Code     6  pid_regulator.o(i.PID_GetKP)
    PID_GetKPDivisor                         0x080028cf   Thumb Code     4  pid_regulator.o(i.PID_GetKPDivisor)
    PID_HandleInit                           0x080028d3   Thumb Code    20  pid_regulator.o(i.PID_HandleInit)
    PID_SetIntegralTerm                      0x080028e7   Thumb Code     4  pid_regulator.o(i.PID_SetIntegralTerm)
    PID_SetKD                                0x080028eb   Thumb Code     4  pid_regulator.o(i.PID_SetKD)
    PID_SetKI                                0x080028ef   Thumb Code     4  pid_regulator.o(i.PID_SetKI)
    PID_SetKP                                0x080028f3   Thumb Code     4  pid_regulator.o(i.PID_SetKP)
    PI_Controller                            0x080028f9   Thumb Code   118  pid_regulator.o(i.PI_Controller)
    PQD_CalcElMotorPower                     0x08002975   Thumb Code    84  pqd_motor_power_measurement.o(i.PQD_CalcElMotorPower)
    PWMC_CheckOverCurrent                    0x080029c9   Thumb Code     4  pwm_curr_fdbk.o(i.PWMC_CheckOverCurrent)
    PWMC_CurrentReadingCalibr                0x080029cd   Thumb Code    58  pwm_curr_fdbk.o(i.PWMC_CurrentReadingCalibr)
    PWMC_GetPhaseCurrents                    0x08002a07   Thumb Code     4  pwm_curr_fdbk.o(i.PWMC_GetPhaseCurrents)
    PWMC_SetPhaseVoltage                     0x08002a0b   Thumb Code   418  pwm_curr_fdbk.o(i.PWMC_SetPhaseVoltage)
    PWMC_SwitchOffPWM                        0x08002bad   Thumb Code     4  pwm_curr_fdbk.o(i.PWMC_SwitchOffPWM)
    R3_2_BRK_IRQHandler                      0x08002bb1   Thumb Code    48  r3_2_f4xx_pwm_curr_fdbk.o(i.R3_2_BRK_IRQHandler)
    R3_2_CurrentReadingCalibration           0x08002be1   Thumb Code   244  r3_2_f4xx_pwm_curr_fdbk.o(i.R3_2_CurrentReadingCalibration)
    R3_2_GetPhaseCurrents                    0x08002ce9   Thumb Code   244  r3_2_f4xx_pwm_curr_fdbk.o(i.R3_2_GetPhaseCurrents)
    R3_2_HFCurrentsCalibrationAB             0x08002de1   Thumb Code    80  r3_2_f4xx_pwm_curr_fdbk.o(i.R3_2_HFCurrentsCalibrationAB)
    R3_2_HFCurrentsCalibrationC              0x08002e31   Thumb Code    60  r3_2_f4xx_pwm_curr_fdbk.o(i.R3_2_HFCurrentsCalibrationC)
    R3_2_Init                                0x08002e6d   Thumb Code   214  r3_2_f4xx_pwm_curr_fdbk.o(i.R3_2_Init)
    R3_2_IsOverCurrentOccurred               0x08002f4d   Thumb Code    22  r3_2_f4xx_pwm_curr_fdbk.o(i.R3_2_IsOverCurrentOccurred)
    R3_2_RLDetectionModeDisable              0x08002f65   Thumb Code   216  r3_2_f4xx_pwm_curr_fdbk.o(i.R3_2_RLDetectionModeDisable)
    R3_2_RLDetectionModeEnable               0x0800304d   Thumb Code   168  r3_2_f4xx_pwm_curr_fdbk.o(i.R3_2_RLDetectionModeEnable)
    R3_2_RLDetectionModeSetDuty              0x08003105   Thumb Code    54  r3_2_f4xx_pwm_curr_fdbk.o(i.R3_2_RLDetectionModeSetDuty)
    R3_2_SetADCSampPointCalibration          0x08003251   Thumb Code    26  r3_2_f4xx_pwm_curr_fdbk.o(i.R3_2_SetADCSampPointCalibration)
    R3_2_SetADCSampPointSectX                0x0800326b   Thumb Code    84  r3_2_f4xx_pwm_curr_fdbk.o(i.R3_2_SetADCSampPointSectX)
    R3_2_SwitchOffPWM                        0x080032bf   Thumb Code    82  r3_2_f4xx_pwm_curr_fdbk.o(i.R3_2_SwitchOffPWM)
    R3_2_SwitchOnPWM                         0x08003311   Thumb Code   164  r3_2_f4xx_pwm_curr_fdbk.o(i.R3_2_SwitchOnPWM)
    R3_2_TIMx_UP_IRQHandler                  0x080033b5   Thumb Code   176  r3_2_f4xx_pwm_curr_fdbk.o(i.R3_2_TIMx_UP_IRQHandler)
    R3_2_TurnOnLowSides                      0x08003465   Thumb Code    74  r3_2_f4xx_pwm_curr_fdbk.o(i.R3_2_TurnOnLowSides)
    RCM_ExecRegularConv                      0x080034e1   Thumb Code   114  regular_conversion_manager.o(i.RCM_ExecRegularConv)
    RCM_ExecUserConv                         0x0800355d   Thumb Code    54  regular_conversion_manager.o(i.RCM_ExecUserConv)
    RCM_RegisterRegConv                      0x0800359d   Thumb Code   232  regular_conversion_manager.o(i.RCM_RegisterRegConv)
    REMNG_Calc                               0x0800368d   Thumb Code    44  ramp_ext_mngr.o(i.REMNG_Calc)
    REMNG_ExecRamp                           0x080036b9   Thumb Code   132  ramp_ext_mngr.o(i.REMNG_ExecRamp)
    REMNG_Init                               0x0800373d   Thumb Code    16  ramp_ext_mngr.o(i.REMNG_Init)
    REMNG_RampCompleted                      0x0800374d   Thumb Code    14  ramp_ext_mngr.o(i.REMNG_RampCompleted)
    RUC_Clear                                0x0800375b   Thumb Code   136  revup_ctrl.o(i.RUC_Clear)
    RUC_Exec                                 0x080037e3   Thumb Code   104  revup_ctrl.o(i.RUC_Exec)
    RUC_FirstAccelerationStageReached        0x0800384b   Thumb Code    20  revup_ctrl.o(i.RUC_FirstAccelerationStageReached)
    RUC_GetNumberOfPhases                    0x0800385f   Thumb Code     6  revup_ctrl.o(i.RUC_GetNumberOfPhases)
    RUC_GetPhaseDurationms                   0x08003865   Thumb Code    12  revup_ctrl.o(i.RUC_GetPhaseDurationms)
    RUC_GetPhaseFinalMecSpeedUnit            0x08003871   Thumb Code    14  revup_ctrl.o(i.RUC_GetPhaseFinalMecSpeedUnit)
    RUC_GetPhaseFinalTorque                  0x0800387f   Thumb Code    14  revup_ctrl.o(i.RUC_GetPhaseFinalTorque)
    RUC_Init                                 0x0800388d   Thumb Code    76  revup_ctrl.o(i.RUC_Init)
    RUC_SetPhaseDurationms                   0x080038d9   Thumb Code    12  revup_ctrl.o(i.RUC_SetPhaseDurationms)
    RUC_SetPhaseFinalMecSpeedUnit            0x080038e5   Thumb Code    12  revup_ctrl.o(i.RUC_SetPhaseFinalMecSpeedUnit)
    RUC_SetPhaseFinalTorque                  0x080038f1   Thumb Code    12  revup_ctrl.o(i.RUC_SetPhaseFinalTorque)
    RVBS_CalcAvVbus                          0x080038fd   Thumb Code    94  r_divider_bus_voltage_sensor.o(i.RVBS_CalcAvVbus)
    RVBS_CheckFaultState                     0x0800395b   Thumb Code    26  r_divider_bus_voltage_sensor.o(i.RVBS_CheckFaultState)
    RVBS_Clear                               0x08003975   Thumb Code    40  r_divider_bus_voltage_sensor.o(i.RVBS_Clear)
    RVBS_Init                                0x0800399d   Thumb Code    22  r_divider_bus_voltage_sensor.o(i.RVBS_Init)
    SPD_GetAvrgMecSpeedUnit                  0x080039b3   Thumb Code     6  speed_pos_fdbk.o(i.SPD_GetAvrgMecSpeedUnit)
    SPD_GetElAngle                           0x080039b9   Thumb Code     6  speed_pos_fdbk.o(i.SPD_GetElAngle)
    SPD_GetInstElSpeedDpp                    0x080039bf   Thumb Code     6  speed_pos_fdbk.o(i.SPD_GetInstElSpeedDpp)
    SPD_GetS16Speed                          0x080039c5   Thumb Code    20  speed_pos_fdbk.o(i.SPD_GetS16Speed)
    SPD_IsMecSpeedReliable                   0x080039d9   Thumb Code    94  speed_pos_fdbk.o(i.SPD_IsMecSpeedReliable)
    STC_CalcTorqueReference                  0x08003a37   Thumb Code    92  speed_torq_ctrl.o(i.STC_CalcTorqueReference)
    STC_Clear                                0x08003a93   Thumb Code    16  speed_torq_ctrl.o(i.STC_Clear)
    STC_ExecRamp                             0x08003aa3   Thumb Code   150  speed_torq_ctrl.o(i.STC_ExecRamp)
    STC_ForceSpeedReferenceToCurrentSpeed    0x08003b39   Thumb Code    16  speed_torq_ctrl.o(i.STC_ForceSpeedReferenceToCurrentSpeed)
    STC_GetDefaultIqdref                     0x08003b49   Thumb Code    16  speed_torq_ctrl.o(i.STC_GetDefaultIqdref)
    STC_GetMaxAppPositiveMecSpeedUnit        0x08003b59   Thumb Code     4  speed_torq_ctrl.o(i.STC_GetMaxAppPositiveMecSpeedUnit)
    STC_GetMecSpeedRefUnit                   0x08003b5d   Thumb Code    12  speed_torq_ctrl.o(i.STC_GetMecSpeedRefUnit)
    STC_GetMecSpeedRefUnitDefault            0x08003b69   Thumb Code     6  speed_torq_ctrl.o(i.STC_GetMecSpeedRefUnitDefault)
    STC_GetMinAppNegativeMecSpeedUnit        0x08003b6f   Thumb Code     6  speed_torq_ctrl.o(i.STC_GetMinAppNegativeMecSpeedUnit)
    STC_GetSpeedSensor                       0x08003b75   Thumb Code     4  speed_torq_ctrl.o(i.STC_GetSpeedSensor)
    STC_GetTorqueRef                         0x08003b79   Thumb Code    12  speed_torq_ctrl.o(i.STC_GetTorqueRef)
    STC_Init                                 0x08003b85   Thumb Code    32  speed_torq_ctrl.o(i.STC_Init)
    STC_SetControlMode                       0x08003ba5   Thumb Code     8  speed_torq_ctrl.o(i.STC_SetControlMode)
    STC_SetSpeedSensor                       0x08003bad   Thumb Code     4  speed_torq_ctrl.o(i.STC_SetSpeedSensor)
    STC_StopRamp                             0x08003bb1   Thumb Code     8  speed_torq_ctrl.o(i.STC_StopRamp)
    STM_FaultAcknowledged                    0x08003bb9   Thumb Code    22  state_machine.o(i.STM_FaultAcknowledged)
    STM_FaultProcessing                      0x08003bcf   Thumb Code    46  state_machine.o(i.STM_FaultProcessing)
    STM_GetFaultState                        0x08003bfd   Thumb Code    10  state_machine.o(i.STM_GetFaultState)
    STM_GetState                             0x08003c07   Thumb Code     4  state_machine.o(i.STM_GetState)
    STM_Init                                 0x08003c0b   Thumb Code    10  state_machine.o(i.STM_Init)
    STM_NextState                            0x08003c15   Thumb Code   220  state_machine.o(i.STM_NextState)
    STO_GetPLLGains                          0x08003cf1   Thumb Code    26  sto_pll_speed_pos_fdbk.o(i.STO_GetPLLGains)
    STO_OTF_ResetPLL                         0x08003d0b   Thumb Code    10  sto_pll_speed_pos_fdbk.o(i.STO_OTF_ResetPLL)
    STO_PLL_CalcAvrgElSpeedDpp               0x08003d15   Thumb Code    74  sto_pll_speed_pos_fdbk.o(i.STO_PLL_CalcAvrgElSpeedDpp)
    STO_PLL_CalcAvrgMecSpeedUnit             0x08003d61   Thumb Code   298  sto_pll_speed_pos_fdbk.o(i.STO_PLL_CalcAvrgMecSpeedUnit)
    STO_PLL_CalcElAngle                      0x08003e8b   Thumb Code   464  sto_pll_speed_pos_fdbk.o(i.STO_PLL_CalcElAngle)
    STO_PLL_Clear                            0x0800405b   Thumb Code    96  sto_pll_speed_pos_fdbk.o(i.STO_PLL_Clear)
    STO_PLL_ForceConvergency1                0x080040bb   Thumb Code    10  sto_pll_speed_pos_fdbk.o(i.STO_PLL_ForceConvergency1)
    STO_PLL_ForceConvergency2                0x080040c5   Thumb Code    10  sto_pll_speed_pos_fdbk.o(i.STO_PLL_ForceConvergency2)
    STO_PLL_GetEstimatedBemf                 0x080040cf   Thumb Code    18  sto_pll_speed_pos_fdbk.o(i.STO_PLL_GetEstimatedBemf)
    STO_PLL_GetEstimatedBemfLevel            0x080040e1   Thumb Code     6  sto_pll_speed_pos_fdbk.o(i.STO_PLL_GetEstimatedBemfLevel)
    STO_PLL_GetEstimatedCurrent              0x080040e7   Thumb Code    24  sto_pll_speed_pos_fdbk.o(i.STO_PLL_GetEstimatedCurrent)
    STO_PLL_GetObservedBemfLevel             0x080040ff   Thumb Code     6  sto_pll_speed_pos_fdbk.o(i.STO_PLL_GetObservedBemfLevel)
    STO_PLL_GetObserverGains                 0x08004105   Thumb Code    10  sto_pll_speed_pos_fdbk.o(i.STO_PLL_GetObserverGains)
    STO_PLL_Init                             0x08004111   Thumb Code    88  sto_pll_speed_pos_fdbk.o(i.STO_PLL_Init)
    STO_PLL_IsObserverConverged              0x0800416d   Thumb Code   160  sto_pll_speed_pos_fdbk.o(i.STO_PLL_IsObserverConverged)
    STO_PLL_IsVarianceTight                  0x0800420d   Thumb Code     8  sto_pll_speed_pos_fdbk.o(i.STO_PLL_IsVarianceTight)
    STO_PLL_SetObserverGains                 0x08004215   Thumb Code     6  sto_pll_speed_pos_fdbk.o(i.STO_PLL_SetObserverGains)
    STO_ResetPLL                             0x0800421b   Thumb Code     8  sto_pll_speed_pos_fdbk.o(i.STO_ResetPLL)
    STO_SetPLLGains                          0x08004223   Thumb Code    24  sto_pll_speed_pos_fdbk.o(i.STO_SetPLLGains)
    SysTick_Handler                          0x0800423d   Thumb Code    36  stm32f4xx_mc_it.o(i.SysTick_Handler)
    SystemClock_Config                       0x08004265   Thumb Code   138  main.o(i.SystemClock_Config)
    SystemInit                               0x080042f9   Thumb Code    22  system_stm32f4xx.o(i.SystemInit)
    TIM1_BRK_TIM9_IRQHandler                 0x08004315   Thumb Code    36  stm32f4xx_mc_it.o(i.TIM1_BRK_TIM9_IRQHandler)
    TIM1_UP_TIM10_IRQHandler                 0x0800433d   Thumb Code    18  stm32f4xx_mc_it.o(i.TIM1_UP_TIM10_IRQHandler)
    TIM_Base_SetConfig                       0x08004355   Thumb Code   156  stm32f4xx_hal_tim.o(i.TIM_Base_SetConfig)
    TIM_ETR_SetConfig                        0x0800441d   Thumb Code    20  stm32f4xx_hal_tim.o(i.TIM_ETR_SetConfig)
    TIM_OC2_SetConfig                        0x08004491   Thumb Code    98  stm32f4xx_hal_tim.o(i.TIM_OC2_SetConfig)
    TSK_ChargeBootCapDelayHasElapsedM1       0x08004681   Thumb Code    14  mc_tasks.o(i.TSK_ChargeBootCapDelayHasElapsedM1)
    TSK_HardwareFaultTask                    0x08004695   Thumb Code    26  mc_tasks.o(i.TSK_HardwareFaultTask)
    TSK_HighFrequencyTask                    0x080046b5   Thumb Code   152  mc_tasks.o(i.TSK_HighFrequencyTask)
    TSK_MediumFrequencyTaskM1                0x08004761   Thumb Code   538  mc_tasks.o(i.TSK_MediumFrequencyTaskM1)
    TSK_SafetyTask                           0x08004991   Thumb Code    26  mc_tasks.o(i.TSK_SafetyTask)
    TSK_SafetyTask_PWMOFF                    0x080049b1   Thumb Code   140  mc_tasks.o(i.TSK_SafetyTask_PWMOFF)
    TSK_SetChargeBootCapDelayM1              0x08004a45   Thumb Code     6  mc_tasks.o(i.TSK_SetChargeBootCapDelayM1)
    TSK_SetStopPermanencyTimeM1              0x08004a51   Thumb Code     6  mc_tasks.o(i.TSK_SetStopPermanencyTimeM1)
    TSK_StopPermanencyTimeHasElapsedM1       0x08004a5d   Thumb Code    14  mc_tasks.o(i.TSK_StopPermanencyTimeHasElapsedM1)
    UFCP_AbortReceive                        0x08004b99   Thumb Code     8  usart_frame_communication_protocol.o(i.UFCP_AbortReceive)
    UFCP_Init                                0x08004ba1   Thumb Code     4  usart_frame_communication_protocol.o(i.UFCP_Init)
    UFCP_OVR_IRQ_Handler                     0x08004ba5   Thumb Code    20  usart_frame_communication_protocol.o(i.UFCP_OVR_IRQ_Handler)
    UFCP_RX_IRQ_Handler                      0x08004bb9   Thumb Code   174  usart_frame_communication_protocol.o(i.UFCP_RX_IRQ_Handler)
    UFCP_Receive                             0x08004c6d   Thumb Code    38  usart_frame_communication_protocol.o(i.UFCP_Receive)
    UFCP_Send                                0x08004c93   Thumb Code    78  usart_frame_communication_protocol.o(i.UFCP_Send)
    UFCP_TX_IRQ_Handler                      0x08004ce1   Thumb Code    98  usart_frame_communication_protocol.o(i.UFCP_TX_IRQ_Handler)
    UI_ExecCmd                               0x08004d43   Thumb Code   108  user_interface.o(i.UI_ExecCmd)
    UI_ExecSpeedRamp                         0x08004daf   Thumb Code    32  user_interface.o(i.UI_ExecSpeedRamp)
    UI_ExecTorqueRamp                        0x08004dcf   Thumb Code    18  user_interface.o(i.UI_ExecTorqueRamp)
    UI_GetMPInfo                             0x08004de1   Thumb Code     4  user_interface.o(i.UI_GetMPInfo)
    UI_GetReg                                0x08004de5   Thumb Code  1050  user_interface.o(i.UI_GetReg)
    UI_GetRevupData                          0x08005205   Thumb Code    70  user_interface.o(i.UI_GetRevupData)
    UI_GetSelectedMC                         0x0800524b   Thumb Code     4  user_interface.o(i.UI_GetSelectedMC)
    UI_HandleStartStopButton_cb              0x0800524f   Thumb Code    24  ui_task.o(i.UI_HandleStartStopButton_cb)
    UI_Init                                  0x08005267   Thumb Code    18  user_interface.o(i.UI_Init)
    UI_Scheduler                             0x08005279   Thumb Code    38  ui_task.o(i.UI_Scheduler)
    UI_SelectMC                              0x080052a5   Thumb Code    18  user_interface.o(i.UI_SelectMC)
    UI_SerialCommunicationTimeOutStart       0x080052b9   Thumb Code     8  ui_task.o(i.UI_SerialCommunicationTimeOutStart)
    UI_SerialCommunicationTimeOutStop        0x080052c5   Thumb Code     8  ui_task.o(i.UI_SerialCommunicationTimeOutStop)
    UI_SetCurrentReferences                  0x080052d1   Thumb Code    26  user_interface.o(i.UI_SetCurrentReferences)
    UI_SetReg                                0x080052eb   Thumb Code   508  user_interface.o(i.UI_SetReg)
    UI_SetRevupData                          0x080054e7   Thumb Code    54  user_interface.o(i.UI_SetRevupData)
    UI_TaskInit                              0x0800551d   Thumb Code    70  ui_task.o(i.UI_TaskInit)
    USART1_IRQHandler                        0x08005581   Thumb Code   104  stm32f4xx_mc_it.o(i.USART1_IRQHandler)
    VBS_GetAvBusVoltage_V                    0x080055ed   Thumb Code    10  bus_voltage_sensor.o(i.VBS_GetAvBusVoltage_V)
    VBS_GetAvBusVoltage_d                    0x080055f7   Thumb Code     4  bus_voltage_sensor.o(i.VBS_GetAvBusVoltage_d)
    VSS_CalcAvrgMecSpeedUnit                 0x080055fb   Thumb Code   144  virtual_speed_sensor.o(i.VSS_CalcAvrgMecSpeedUnit)
    VSS_CalcElAngle                          0x0800568b   Thumb Code   150  virtual_speed_sensor.o(i.VSS_CalcElAngle)
    VSS_Clear                                0x08005721   Thumb Code    44  virtual_speed_sensor.o(i.VSS_Clear)
    VSS_Init                                 0x0800574d   Thumb Code     8  virtual_speed_sensor.o(i.VSS_Init)
    VSS_SetMecAcceleration                   0x08005755   Thumb Code   110  virtual_speed_sensor.o(i.VSS_SetMecAcceleration)
    VSS_SetMecAngle                          0x080057c3   Thumb Code    14  virtual_speed_sensor.o(i.VSS_SetMecAngle)
    VSS_SetStartTransition                   0x080057d1   Thumb Code    28  virtual_speed_sensor.o(i.VSS_SetStartTransition)
    VSS_TransitionEnded                      0x080057ed   Thumb Code     6  virtual_speed_sensor.o(i.VSS_TransitionEnded)
    __scatterload_copy                       0x08005813   Thumb Code    14  handlers.o(i.__scatterload_copy)
    __scatterload_null                       0x08005821   Thumb Code     2  handlers.o(i.__scatterload_null)
    __scatterload_zeroinit                   0x08005823   Thumb Code    14  handlers.o(i.__scatterload_zeroinit)
    getScalingFactor                         0x08005831   Thumb Code    42  ramp_ext_mngr.o(i.getScalingFactor)
    main                                     0x0800585d   Thumb Code   148  main.o(i.main)
    mc_lock_pins                             0x080058f9   Thumb Code   112  mc_tasks.o(i.mc_lock_pins)
    startTimers                              0x08005975   Thumb Code    88  pwm_common.o(i.startTimers)
    waitForPolarizationEnd                   0x080059d1   Thumb Code    76  pwm_common.o(i.waitForPolarizationEnd)
    hSin_Cos_Table                           0x08005a1c   Data         512  mc_math.o(.constdata)
    R3_2_ParamsM1                            0x08005c1c   Data         148  mc_parameters.o(.constdata)
    s_fwVer                                  0x08005cb2   Data          32  motorcontrol.o(.constdata)
    AHBPrescTable                            0x08005cd2   Data          16  system_stm32f4xx.o(.constdata)
    APBPrescTable                            0x08005ce2   Data           8  system_stm32f4xx.o(.constdata)
    Region$$Table$$Base                      0x08005d00   Number         0  anon$$obj.o(Region$$Table)
    Region$$Table$$Limit                     0x08005d20   Number         0  anon$$obj.o(Region$$Table)
    PQD_MotorPowMeasM1                       0x20000000   Data         276  mc_config.o(.data)
    PIDSpeedHandle_M1                        0x20000114   Data          44  mc_config.o(.data)
    PIDIqHandle_M1                           0x20000140   Data          44  mc_config.o(.data)
    PIDIdHandle_M1                           0x2000016c   Data          44  mc_config.o(.data)
    SpeednTorqCtrlM1                         0x20000198   Data          52  mc_config.o(.data)
    RevUpControlM1                           0x200001cc   Data         120  mc_config.o(.data)
    PWM_Handle_M1                            0x20000244   Data         124  mc_config.o(.data)
    VirtualSpeedSensorM1                     0x200002c0   Data          56  mc_config.o(.data)
    STO_PLL_M1                               0x200002f8   Data         296  mc_config.o(.data)
    STO_M1                                   0x20000420   Data          20  mc_config.o(.data)
    TempSensorParamsM1                       0x20000434   Data          40  mc_config.o(.data)
    RealBusVoltageSensorParamsM1             0x2000045c   Data          40  mc_config.o(.data)
    RampExtMngrHFParamsM1                    0x20000484   Data          24  mc_config.o(.data)
    CircleLimitationM1                       0x2000049c   Data         180  mc_config.o(.data)
    pUSART                                   0x20000550   Data         316  mc_config.o(.data)
    bMCBootCompleted                         0x2000068c   Data           1  mc_tasks.o(.data)
    oMCInterface                             0x20000694   Data           4  mc_tasks.o(.data)
    pSTC                                     0x20000698   Data           4  mc_tasks.o(.data)
    pPIDSpeed                                0x2000069c   Data           4  mc_tasks.o(.data)
    pPIDIq                                   0x200006a0   Data           4  mc_tasks.o(.data)
    pPIDId                                   0x200006a4   Data           4  mc_tasks.o(.data)
    pBusSensorM1                             0x200006a8   Data           4  mc_tasks.o(.data)
    pTemperatureSensor                       0x200006ac   Data           4  mc_tasks.o(.data)
    pwmcHandle                               0x200006b0   Data           4  mc_tasks.o(.data)
    pMPM                                     0x200006b4   Data           4  mc_tasks.o(.data)
    pCLM                                     0x200006b8   Data           4  mc_tasks.o(.data)
    pREMNG                                   0x200006bc   Data           4  mc_tasks.o(.data)
    STM                                      0x200006c0   Data           6  mc_tasks.o(.data)
    MPInfo                                   0x200006c8   Data           8  motor_control_protocol.o(.data)
    wConfig                                  0x200006d0   Data           4  motorcontrol.o(.data)
    pMCI                                     0x200006d4   Data           4  motorcontrol.o(.data)
    pMCT                                     0x200006d8   Data           4  motorcontrol.o(.data)
    RCM_UserConvHandle                       0x200006dc   Data           1  regular_conversion_manager.o(.data)
    RCM_UserConvState                        0x200006dd   Data           1  regular_conversion_manager.o(.data)
    RCM_UserConvValue                        0x200006de   Data           2  regular_conversion_manager.o(.data)
    pMCP                                     0x200006ec   Data           4  ui_task.o(.data)
    uwTickFreq                               0x200006f0   Data           1  stm32f4xx_hal.o(.data)
    uwTickPrio                               0x200006f4   Data           4  stm32f4xx_hal.o(.data)
    uwTick                                   0x200006f8   Data           4  stm32f4xx_hal.o(.data)
    SystemCoreClock                          0x200006fc   Data           4  system_stm32f4xx.o(.data)
    UI_Params                                0x20000700   Data          24  mc_config.o(.bss)
    RealBusVoltageSensorFilterBufferM1       0x20000718   Data          20  mc_config.o(.bss)
    FOCVars                                  0x2000072c   Data          38  mc_tasks.o(.bss)
    Mci                                      0x20000754   Data          28  mc_tasks.o(.bss)
    MCT                                      0x20000770   Data          84  mc_tasks.o(.bss)
    RCM_handle_array                         0x200007c4   Data          16  regular_conversion_manager.o(.bss)
    RCM_CB_array                             0x200007d4   Data          32  regular_conversion_manager.o(.bss)
    MCP_UI_Params                            0x200007f4   Data         176  ui_task.o(.bss)
    hadc1                                    0x200008a4   Data          72  main.o(.bss)
    hadc2                                    0x200008ec   Data          72  main.o(.bss)
    htim1                                    0x20000934   Data          64  main.o(.bss)
    huart1                                   0x20000974   Data          64  main.o(.bss)
    __initial_sp                             0x20000db8   Data           0  startup_stm32f407xx.o(STACK)



==============================================================================

Memory Map of the image

  Image Entry point : 0x08000189

  Load Region LR_IROM1 (Base: 0x08000000, Size: 0x00006420, Max: 0x00100000, ABSOLUTE, COMPRESSED[0x00005f18])

    Execution Region ER_IROM1 (Exec base: 0x08000000, Load base: 0x08000000, Size: 0x00005d20, Max: 0x00100000, ABSOLUTE)

    Exec Addr    Load Addr    Size         Type   Attr      Idx    E Section Name        Object

    0x08000000   0x08000000   0x00000188   Data   RO            3    RESET               startup_stm32f407xx.o
    0x08000188   0x08000188   0x00000000   Code   RO         6745  * .ARM.Collect$$$$00000000  mc_w.l(entry.o)
    0x08000188   0x08000188   0x00000004   Code   RO         6756    .ARM.Collect$$$$00000001  mc_w.l(entry2.o)
    0x0800018c   0x0800018c   0x00000004   Code   RO         6759    .ARM.Collect$$$$00000004  mc_w.l(entry5.o)
    0x08000190   0x08000190   0x00000000   Code   RO         6761    .ARM.Collect$$$$00000008  mc_w.l(entry7b.o)
    0x08000190   0x08000190   0x00000000   Code   RO         6763    .ARM.Collect$$$$0000000A  mc_w.l(entry8b.o)
    0x08000190   0x08000190   0x00000008   Code   RO         6764    .ARM.Collect$$$$0000000B  mc_w.l(entry9a.o)
    0x08000198   0x08000198   0x00000000   Code   RO         6766    .ARM.Collect$$$$0000000D  mc_w.l(entry10a.o)
    0x08000198   0x08000198   0x00000000   Code   RO         6768    .ARM.Collect$$$$0000000F  mc_w.l(entry11a.o)
    0x08000198   0x08000198   0x00000004   Code   RO         6757    .ARM.Collect$$$$00002712  mc_w.l(entry2.o)
    0x0800019c   0x0800019c   0x00000024   Code   RO            4    .text               startup_stm32f407xx.o
    0x080001c0   0x080001c0   0x00000062   Code   RO         6748    .text               mc_w.l(uldiv.o)
    0x08000222   0x08000222   0x00000024   Code   RO         6750    .text               mc_w.l(memcpya.o)
    0x08000246   0x08000246   0x00000024   Code   RO         6752    .text               mc_w.l(memseta.o)
    0x0800026a   0x0800026a   0x0000001e   Code   RO         6770    .text               mc_w.l(llshl.o)
    0x08000288   0x08000288   0x00000020   Code   RO         6772    .text               mc_w.l(llushr.o)
    0x080002a8   0x080002a8   0x00000024   Code   RO         6774    .text               mc_w.l(init.o)
    0x080002cc   0x080002cc   0x00000056   Code   RO         6784    .text               mc_w.l(__dczerorl2.o)
    0x08000322   0x08000322   0x00000002   PAD
    0x08000324   0x08000324   0x00000028   Code   RO         1177    i.ADC_IRQHandler    stm32f4xx_mc_it.o
    0x0800034c   0x0800034c   0x00000128   Code   RO         1583    i.ADC_Init          stm32f4xx_hal_adc.o
    0x08000474   0x08000474   0x00000048   Code   RO         4279    i.Circle_Limitation  circle_limitation.o
    0x080004bc   0x080004bc   0x00000018   Code   RO         1178    i.EXTI9_5_IRQHandler  stm32f4xx_mc_it.o
    0x080004d4   0x080004d4   0x0000002a   Code   RO         6361    i.FCP_CalcCRC       frame_communication_protocol.o
    0x080004fe   0x080004fe   0x0000002a   Code   RO         6362    i.FCP_Init          frame_communication_protocol.o
    0x08000528   0x08000528   0x0000000e   Code   RO         6364    i.FCP_SetClient     frame_communication_protocol.o
    0x08000536   0x08000536   0x00000002   PAD
    0x08000538   0x08000538   0x00000030   Code   RO          842    i.FOC_CalcCurrRef   mc_tasks.o
    0x08000568   0x08000568   0x00000064   Code   RO          843    i.FOC_Clear         mc_tasks.o
    0x080005cc   0x080005cc   0x000000b0   Code   RO          844    i.FOC_CurrControllerM1  mc_tasks.o
    0x0800067c   0x0800067c   0x00000002   Code   RO          845    i.FOC_InitAdditionalMethods  mc_tasks.o
    0x0800067e   0x0800067e   0x00000002   PAD
    0x08000680   0x08000680   0x000001bc   Code   RO         1753    i.HAL_ADCEx_InjectedConfigChannel  stm32f4xx_hal_adc_ex.o
    0x0800083c   0x0800083c   0x0000014c   Code   RO         1585    i.HAL_ADC_ConfigChannel  stm32f4xx_hal_adc.o
    0x08000988   0x08000988   0x00000054   Code   RO         1594    i.HAL_ADC_Init      stm32f4xx_hal_adc.o
    0x080009dc   0x080009dc   0x000000c4   Code   RO         1515    i.HAL_ADC_MspInit   stm32f4xx_hal_msp.o
    0x08000aa0   0x08000aa0   0x000001b8   Code   RO         2210    i.HAL_GPIO_Init     stm32f4xx_hal_gpio.o
    0x08000c58   0x08000c58   0x0000000c   Code   RO         2742    i.HAL_GetTick       stm32f4xx_hal.o
    0x08000c64   0x08000c64   0x00000010   Code   RO         2748    i.HAL_IncTick       stm32f4xx_hal.o
    0x08000c74   0x08000c74   0x00000034   Code   RO         2749    i.HAL_Init          stm32f4xx_hal.o
    0x08000ca8   0x08000ca8   0x00000040   Code   RO         2750    i.HAL_InitTick      stm32f4xx_hal.o
    0x08000ce8   0x08000ce8   0x00000030   Code   RO         1516    i.HAL_MspInit       stm32f4xx_hal_msp.o
    0x08000d18   0x08000d18   0x0000001a   Code   RO         2599    i.HAL_NVIC_EnableIRQ  stm32f4xx_hal_cortex.o
    0x08000d32   0x08000d32   0x00000002   PAD
    0x08000d34   0x08000d34   0x00000040   Code   RO         2605    i.HAL_NVIC_SetPriority  stm32f4xx_hal_cortex.o
    0x08000d74   0x08000d74   0x00000024   Code   RO         2606    i.HAL_NVIC_SetPriorityGrouping  stm32f4xx_hal_cortex.o
    0x08000d98   0x08000d98   0x00000134   Code   RO         1856    i.HAL_RCC_ClockConfig  stm32f4xx_hal_rcc.o
    0x08000ecc   0x08000ecc   0x0000000c   Code   RO         1861    i.HAL_RCC_GetHCLKFreq  stm32f4xx_hal_rcc.o
    0x08000ed8   0x08000ed8   0x00000020   Code   RO         1863    i.HAL_RCC_GetPCLK1Freq  stm32f4xx_hal_rcc.o
    0x08000ef8   0x08000ef8   0x00000020   Code   RO         1864    i.HAL_RCC_GetPCLK2Freq  stm32f4xx_hal_rcc.o
    0x08000f18   0x08000f18   0x00000060   Code   RO         1865    i.HAL_RCC_GetSysClockFreq  stm32f4xx_hal_rcc.o
    0x08000f78   0x08000f78   0x0000035c   Code   RO         1868    i.HAL_RCC_OscConfig  stm32f4xx_hal_rcc.o
    0x080012d4   0x080012d4   0x00000002   Code   RO         2609    i.HAL_SYSTICK_Callback  stm32f4xx_hal_cortex.o
    0x080012d6   0x080012d6   0x00000028   Code   RO         2610    i.HAL_SYSTICK_Config  stm32f4xx_hal_cortex.o
    0x080012fe   0x080012fe   0x00000008   Code   RO         2611    i.HAL_SYSTICK_IRQHandler  stm32f4xx_hal_cortex.o
    0x08001306   0x08001306   0x00000054   Code   RO         3667    i.HAL_TIMEx_ConfigBreakDeadTime  stm32f4xx_hal_tim_ex.o
    0x0800135a   0x0800135a   0x00000002   PAD
    0x0800135c   0x0800135c   0x00000090   Code   RO         3682    i.HAL_TIMEx_MasterConfigSynchronization  stm32f4xx_hal_tim_ex.o
    0x080013ec   0x080013ec   0x00000036   Code   RO         2989    i.HAL_TIM_Base_Init  stm32f4xx_hal_tim.o
    0x08001422   0x08001422   0x00000002   PAD
    0x08001424   0x08001424   0x00000068   Code   RO         1518    i.HAL_TIM_Base_MspInit  stm32f4xx_hal_msp.o
    0x0800148c   0x0800148c   0x0000007c   Code   RO         1519    i.HAL_TIM_MspPostInit  stm32f4xx_hal_msp.o
    0x08001508   0x08001508   0x000000d0   Code   RO         3056    i.HAL_TIM_PWM_ConfigChannel  stm32f4xx_hal_tim.o
    0x080015d8   0x080015d8   0x00000036   Code   RO         3059    i.HAL_TIM_PWM_Init  stm32f4xx_hal_tim.o
    0x0800160e   0x0800160e   0x00000002   Code   RO         3061    i.HAL_TIM_PWM_MspInit  stm32f4xx_hal_tim.o
    0x08001610   0x08001610   0x00000056   Code   RO         3073    i.HAL_TIM_SlaveConfigSynchro  stm32f4xx_hal_tim.o
    0x08001666   0x08001666   0x00000062   Code   RO         3940    i.HAL_UART_Init     stm32f4xx_hal_uart.o
    0x080016c8   0x080016c8   0x0000006c   Code   RO         1521    i.HAL_UART_MspInit  stm32f4xx_hal_msp.o
    0x08001734   0x08001734   0x0000006c   Code   RO         1179    i.HardFault_Handler  stm32f4xx_mc_it.o
    0x080017a0   0x080017a0   0x00000010   Code   RO         6566    i.LL_ADC_INJ_SetTriggerSource  r3_2_f4xx_pwm_curr_fdbk.o
    0x080017b0   0x080017b0   0x00000012   Code   RO          848    i.LL_GPIO_LockPin   mc_tasks.o
    0x080017c2   0x080017c2   0x0000000e   Code   RO         6567    i.LL_TIM_CC_IsEnabledChannel  r3_2_f4xx_pwm_curr_fdbk.o
    0x080017d0   0x080017d0   0x00000054   Code   RO         6568    i.LL_TIM_OC_DisablePreload  r3_2_f4xx_pwm_curr_fdbk.o
    0x08001824   0x08001824   0x00000054   Code   RO         6569    i.LL_TIM_OC_EnablePreload  r3_2_f4xx_pwm_curr_fdbk.o
    0x08001878   0x08001878   0x0000005c   Code   RO         6570    i.LL_TIM_OC_SetMode  r3_2_f4xx_pwm_curr_fdbk.o
    0x080018d4   0x080018d4   0x0000000c   Code   RO         1180    i.LL_USART_ClearFlag_ORE  stm32f4xx_mc_it.o
    0x080018e0   0x080018e0   0x00000010   Code   RO          593    i.MCI_Clear_Iqdref  mc_interface.o
    0x080018f0   0x080018f0   0x00000008   Code   RO          594    i.MCI_EncoderAlign  mc_interface.o
    0x080018f8   0x080018f8   0x0000006c   Code   RO          595    i.MCI_ExecBufferedCommands  mc_interface.o
    0x08001964   0x08001964   0x0000000e   Code   RO          596    i.MCI_ExecSpeedRamp  mc_interface.o
    0x08001972   0x08001972   0x00000012   Code   RO          597    i.MCI_ExecTorqueRamp  mc_interface.o
    0x08001984   0x08001984   0x00000006   Code   RO          598    i.MCI_FaultAcknowledged  mc_interface.o
    0x0800198a   0x0800198a   0x00000010   Code   RO          599    i.MCI_GetAvrgMecSpeedUnit  mc_interface.o
    0x0800199a   0x0800199a   0x00000004   Code   RO          600    i.MCI_GetControlMode  mc_interface.o
    0x0800199e   0x0800199e   0x00000006   Code   RO          603    i.MCI_GetIab        mc_interface.o
    0x080019a4   0x080019a4   0x00000006   Code   RO          604    i.MCI_GetIalphabeta  mc_interface.o
    0x080019aa   0x080019aa   0x0000002e   Code   RO          605    i.MCI_GetImposedMotorDirection  mc_interface.o
    0x080019d8   0x080019d8   0x00000006   Code   RO          606    i.MCI_GetIqd        mc_interface.o
    0x080019de   0x080019de   0x00000006   Code   RO          608    i.MCI_GetIqdref     mc_interface.o
    0x080019e4   0x080019e4   0x00000010   Code   RO          609    i.MCI_GetLastRampFinalSpeed  mc_interface.o
    0x080019f4   0x080019f4   0x00000006   Code   RO          610    i.MCI_GetMecSpeedRefUnit  mc_interface.o
    0x080019fa   0x080019fa   0x00000006   Code   RO          614    i.MCI_GetSTMState   mc_interface.o
    0x08001a00   0x08001a00   0x00000008   Code   RO          616    i.MCI_GetTeref      mc_interface.o
    0x08001a08   0x08001a08   0x00000008   Code   RO          617    i.MCI_GetValphabeta  mc_interface.o
    0x08001a10   0x08001a10   0x00000008   Code   RO          618    i.MCI_GetVqd        mc_interface.o
    0x08001a18   0x08001a18   0x00000012   Code   RO          619    i.MCI_Init          mc_interface.o
    0x08001a2a   0x08001a2a   0x00000014   Code   RO          622    i.MCI_SetCurrentReferences  mc_interface.o
    0x08001a3e   0x08001a3e   0x0000000a   Code   RO          623    i.MCI_SetIdref      mc_interface.o
    0x08001a48   0x08001a48   0x00000016   Code   RO          624    i.MCI_StartMotor    mc_interface.o
    0x08001a5e   0x08001a5e   0x00000008   Code   RO          625    i.MCI_StopMotor     mc_interface.o
    0x08001a66   0x08001a66   0x00000006   Code   RO          626    i.MCI_StopRamp      mc_interface.o
    0x08001a6c   0x08001a6c   0x00000048   Code   RO          530    i.MCM_Clarke        mc_math.o
    0x08001ab4   0x08001ab4   0x0000007c   Code   RO          531    i.MCM_Park          mc_math.o
    0x08001b30   0x08001b30   0x00000034   Code   RO          532    i.MCM_Rev_Park      mc_math.o
    0x08001b64   0x08001b64   0x00000070   Code   RO          534    i.MCM_Trig_Functions  mc_math.o
    0x08001bd4   0x08001bd4   0x00000040   Code   RO          997    i.MCP_Init          motor_control_protocol.o
    0x08001c14   0x08001c14   0x00000008   Code   RO          998    i.MCP_OnTimeOut     motor_control_protocol.o
    0x08001c1c   0x08001c1c   0x000005e4   Code   RO          999    i.MCP_ReceivedFrame  motor_control_protocol.o
    0x08002200   0x08002200   0x00000008   Code   RO         1004    i.MCP_SentFrame     motor_control_protocol.o
    0x08002208   0x08002208   0x0000001a   Code   RO         1005    i.MCP_WaitNextFrame  motor_control_protocol.o
    0x08002222   0x08002222   0x00000002   PAD
    0x08002224   0x08002224   0x0000000c   Code   RO           30    i.MC_GetSTMStateMotor1  mc_api.o
    0x08002230   0x08002230   0x00000020   Code   RO          849    i.MC_RunMotorControlTasks  mc_tasks.o
    0x08002250   0x08002250   0x00000038   Code   RO          850    i.MC_Scheduler      mc_tasks.o
    0x08002288   0x08002288   0x0000000c   Code   RO           40    i.MC_StartMotor1    mc_api.o
    0x08002294   0x08002294   0x0000000c   Code   RO           41    i.MC_StopMotor1     mc_api.o
    0x080022a0   0x080022a0   0x000001ac   Code   RO          851    i.MCboot            mc_tasks.o
    0x0800244c   0x0800244c   0x00000046   Code   RO         4826    i.MPM_CalcElMotorPower  motor_power_measurement.o
    0x08002492   0x08002492   0x0000001a   Code   RO         4827    i.MPM_Clear         motor_power_measurement.o
    0x080024ac   0x080024ac   0x00000006   Code   RO         4828    i.MPM_GetAvrgElMotorPowerW  motor_power_measurement.o
    0x080024b2   0x080024b2   0x00000002   PAD
    0x080024b4   0x080024b4   0x000000d8   Code   RO         1434    i.MX_ADC1_Init      main.o
    0x0800258c   0x0800258c   0x000000c8   Code   RO         1435    i.MX_ADC2_Init      main.o
    0x08002654   0x08002654   0x00000074   Code   RO         1436    i.MX_GPIO_Init      main.o
    0x080026c8   0x080026c8   0x00000038   Code   RO         1072    i.MX_MotorControl_Init  motorcontrol.o
    0x08002700   0x08002700   0x00000114   Code   RO         1437    i.MX_TIM1_Init      main.o
    0x08002814   0x08002814   0x0000003c   Code   RO         4868    i.NTC_CalcAvTemp    ntc_temperature_sensor.o
    0x08002850   0x08002850   0x00000006   Code   RO         4870    i.NTC_Clear         ntc_temperature_sensor.o
    0x08002856   0x08002856   0x00000024   Code   RO         4871    i.NTC_GetAvTemp_C   ntc_temperature_sensor.o
    0x0800287a   0x0800287a   0x00000024   Code   RO         4873    i.NTC_Init          ntc_temperature_sensor.o
    0x0800289e   0x0800289e   0x0000001a   Code   RO         4874    i.NTC_SetFaultState  ntc_temperature_sensor.o
    0x080028b8   0x080028b8   0x00000006   Code   RO         4979    i.PID_GetKD         pid_regulator.o
    0x080028be   0x080028be   0x00000006   Code   RO         4981    i.PID_GetKI         pid_regulator.o
    0x080028c4   0x080028c4   0x00000004   Code   RO         4982    i.PID_GetKIDivisor  pid_regulator.o
    0x080028c8   0x080028c8   0x00000006   Code   RO         4983    i.PID_GetKP         pid_regulator.o
    0x080028ce   0x080028ce   0x00000004   Code   RO         4984    i.PID_GetKPDivisor  pid_regulator.o
    0x080028d2   0x080028d2   0x00000014   Code   RO         4985    i.PID_HandleInit    pid_regulator.o
    0x080028e6   0x080028e6   0x00000004   Code   RO         4986    i.PID_SetIntegralTerm  pid_regulator.o
    0x080028ea   0x080028ea   0x00000004   Code   RO         4987    i.PID_SetKD         pid_regulator.o
    0x080028ee   0x080028ee   0x00000004   Code   RO         4989    i.PID_SetKI         pid_regulator.o
    0x080028f2   0x080028f2   0x00000004   Code   RO         4991    i.PID_SetKP         pid_regulator.o
    0x080028f6   0x080028f6   0x00000002   PAD
    0x080028f8   0x080028f8   0x0000007c   Code   RO         4998    i.PI_Controller     pid_regulator.o
    0x08002974   0x08002974   0x00000054   Code   RO         5132    i.PQD_CalcElMotorPower  pqd_motor_power_measurement.o
    0x080029c8   0x080029c8   0x00000004   Code   RO         5192    i.PWMC_CheckOverCurrent  pwm_curr_fdbk.o
    0x080029cc   0x080029cc   0x0000003a   Code   RO         5193    i.PWMC_CurrentReadingCalibr  pwm_curr_fdbk.o
    0x08002a06   0x08002a06   0x00000004   Code   RO         5194    i.PWMC_GetPhaseCurrents  pwm_curr_fdbk.o
    0x08002a0a   0x08002a0a   0x000001a2   Code   RO         5212    i.PWMC_SetPhaseVoltage  pwm_curr_fdbk.o
    0x08002bac   0x08002bac   0x00000004   Code   RO         5213    i.PWMC_SwitchOffPWM  pwm_curr_fdbk.o
    0x08002bb0   0x08002bb0   0x00000030   Code   RO         6571    i.R3_2_BRK_IRQHandler  r3_2_f4xx_pwm_curr_fdbk.o
    0x08002be0   0x08002be0   0x00000108   Code   RO         6572    i.R3_2_CurrentReadingCalibration  r3_2_f4xx_pwm_curr_fdbk.o
    0x08002ce8   0x08002ce8   0x000000f8   Code   RO         6573    i.R3_2_GetPhaseCurrents  r3_2_f4xx_pwm_curr_fdbk.o
    0x08002de0   0x08002de0   0x00000050   Code   RO         6574    i.R3_2_HFCurrentsCalibrationAB  r3_2_f4xx_pwm_curr_fdbk.o
    0x08002e30   0x08002e30   0x0000003c   Code   RO         6575    i.R3_2_HFCurrentsCalibrationC  r3_2_f4xx_pwm_curr_fdbk.o
    0x08002e6c   0x08002e6c   0x000000e0   Code   RO         6576    i.R3_2_Init         r3_2_f4xx_pwm_curr_fdbk.o
    0x08002f4c   0x08002f4c   0x00000016   Code   RO         6577    i.R3_2_IsOverCurrentOccurred  r3_2_f4xx_pwm_curr_fdbk.o
    0x08002f62   0x08002f62   0x00000002   PAD
    0x08002f64   0x08002f64   0x000000e8   Code   RO         6578    i.R3_2_RLDetectionModeDisable  r3_2_f4xx_pwm_curr_fdbk.o
    0x0800304c   0x0800304c   0x000000b8   Code   RO         6579    i.R3_2_RLDetectionModeEnable  r3_2_f4xx_pwm_curr_fdbk.o
    0x08003104   0x08003104   0x00000036   Code   RO         6580    i.R3_2_RLDetectionModeSetDuty  r3_2_f4xx_pwm_curr_fdbk.o
    0x0800313a   0x0800313a   0x00000002   PAD
    0x0800313c   0x0800313c   0x00000040   Code   RO         6581    i.R3_2_RLGetPhaseCurrents  r3_2_f4xx_pwm_curr_fdbk.o
    0x0800317c   0x0800317c   0x00000090   Code   RO         6582    i.R3_2_RLSwitchOnPWM  r3_2_f4xx_pwm_curr_fdbk.o
    0x0800320c   0x0800320c   0x00000044   Code   RO         6583    i.R3_2_RLTurnOnLowSides  r3_2_f4xx_pwm_curr_fdbk.o
    0x08003250   0x08003250   0x0000001a   Code   RO         6584    i.R3_2_SetADCSampPointCalibration  r3_2_f4xx_pwm_curr_fdbk.o
    0x0800326a   0x0800326a   0x00000054   Code   RO         6585    i.R3_2_SetADCSampPointSectX  r3_2_f4xx_pwm_curr_fdbk.o
    0x080032be   0x080032be   0x00000052   Code   RO         6586    i.R3_2_SwitchOffPWM  r3_2_f4xx_pwm_curr_fdbk.o
    0x08003310   0x08003310   0x000000a4   Code   RO         6587    i.R3_2_SwitchOnPWM  r3_2_f4xx_pwm_curr_fdbk.o
    0x080033b4   0x080033b4   0x000000b0   Code   RO         6588    i.R3_2_TIMx_UP_IRQHandler  r3_2_f4xx_pwm_curr_fdbk.o
    0x08003464   0x08003464   0x0000004a   Code   RO         6589    i.R3_2_TurnOnLowSides  r3_2_f4xx_pwm_curr_fdbk.o
    0x080034ae   0x080034ae   0x00000030   Code   RO         6590    i.R3_2_WriteTIMRegisters  r3_2_f4xx_pwm_curr_fdbk.o
    0x080034de   0x080034de   0x00000002   PAD
    0x080034e0   0x080034e0   0x0000007c   Code   RO         1110    i.RCM_ExecRegularConv  regular_conversion_manager.o
    0x0800355c   0x0800355c   0x00000040   Code   RO         1111    i.RCM_ExecUserConv  regular_conversion_manager.o
    0x0800359c   0x0800359c   0x000000f0   Code   RO         1114    i.RCM_RegisterRegConv  regular_conversion_manager.o
    0x0800368c   0x0800368c   0x0000002c   Code   RO         5402    i.REMNG_Calc        ramp_ext_mngr.o
    0x080036b8   0x080036b8   0x00000084   Code   RO         5403    i.REMNG_ExecRamp    ramp_ext_mngr.o
    0x0800373c   0x0800373c   0x00000010   Code   RO         5405    i.REMNG_Init        ramp_ext_mngr.o
    0x0800374c   0x0800374c   0x0000000e   Code   RO         5406    i.REMNG_RampCompleted  ramp_ext_mngr.o
    0x0800375a   0x0800375a   0x00000088   Code   RO         5462    i.RUC_Clear         revup_ctrl.o
    0x080037e2   0x080037e2   0x00000068   Code   RO         5464    i.RUC_Exec          revup_ctrl.o
    0x0800384a   0x0800384a   0x00000014   Code   RO         5465    i.RUC_FirstAccelerationStageReached  revup_ctrl.o
    0x0800385e   0x0800385e   0x00000006   Code   RO         5466    i.RUC_GetNumberOfPhases  revup_ctrl.o
    0x08003864   0x08003864   0x0000000c   Code   RO         5467    i.RUC_GetPhaseDurationms  revup_ctrl.o
    0x08003870   0x08003870   0x0000000e   Code   RO         5468    i.RUC_GetPhaseFinalMecSpeedUnit  revup_ctrl.o
    0x0800387e   0x0800387e   0x0000000e   Code   RO         5469    i.RUC_GetPhaseFinalTorque  revup_ctrl.o
    0x0800388c   0x0800388c   0x0000004c   Code   RO         5471    i.RUC_Init          revup_ctrl.o
    0x080038d8   0x080038d8   0x0000000c   Code   RO         5473    i.RUC_SetPhaseDurationms  revup_ctrl.o
    0x080038e4   0x080038e4   0x0000000c   Code   RO         5474    i.RUC_SetPhaseFinalMecSpeedUnit  revup_ctrl.o
    0x080038f0   0x080038f0   0x0000000c   Code   RO         5475    i.RUC_SetPhaseFinalTorque  revup_ctrl.o
    0x080038fc   0x080038fc   0x0000005e   Code   RO         5354    i.RVBS_CalcAvVbus   r_divider_bus_voltage_sensor.o
    0x0800395a   0x0800395a   0x0000001a   Code   RO         5356    i.RVBS_CheckFaultState  r_divider_bus_voltage_sensor.o
    0x08003974   0x08003974   0x00000028   Code   RO         5357    i.RVBS_Clear        r_divider_bus_voltage_sensor.o
    0x0800399c   0x0800399c   0x00000016   Code   RO         5358    i.RVBS_Init         r_divider_bus_voltage_sensor.o
    0x080039b2   0x080039b2   0x00000006   Code   RO         5571    i.SPD_GetAvrgMecSpeedUnit  speed_pos_fdbk.o
    0x080039b8   0x080039b8   0x00000006   Code   RO         5572    i.SPD_GetElAngle    speed_pos_fdbk.o
    0x080039be   0x080039be   0x00000006   Code   RO         5575    i.SPD_GetInstElSpeedDpp  speed_pos_fdbk.o
    0x080039c4   0x080039c4   0x00000014   Code   RO         5577    i.SPD_GetS16Speed   speed_pos_fdbk.o
    0x080039d8   0x080039d8   0x0000005e   Code   RO         5578    i.SPD_IsMecSpeedReliable  speed_pos_fdbk.o
    0x08003a36   0x08003a36   0x0000005c   Code   RO         5648    i.STC_CalcTorqueReference  speed_torq_ctrl.o
    0x08003a92   0x08003a92   0x00000010   Code   RO         5649    i.STC_Clear         speed_torq_ctrl.o
    0x08003aa2   0x08003aa2   0x00000096   Code   RO         5650    i.STC_ExecRamp      speed_torq_ctrl.o
    0x08003b38   0x08003b38   0x00000010   Code   RO         5651    i.STC_ForceSpeedReferenceToCurrentSpeed  speed_torq_ctrl.o
    0x08003b48   0x08003b48   0x00000010   Code   RO         5653    i.STC_GetDefaultIqdref  speed_torq_ctrl.o
    0x08003b58   0x08003b58   0x00000004   Code   RO         5654    i.STC_GetMaxAppPositiveMecSpeedUnit  speed_torq_ctrl.o
    0x08003b5c   0x08003b5c   0x0000000c   Code   RO         5655    i.STC_GetMecSpeedRefUnit  speed_torq_ctrl.o
    0x08003b68   0x08003b68   0x00000006   Code   RO         5656    i.STC_GetMecSpeedRefUnitDefault  speed_torq_ctrl.o
    0x08003b6e   0x08003b6e   0x00000006   Code   RO         5657    i.STC_GetMinAppNegativeMecSpeedUnit  speed_torq_ctrl.o
    0x08003b74   0x08003b74   0x00000004   Code   RO         5658    i.STC_GetSpeedSensor  speed_torq_ctrl.o
    0x08003b78   0x08003b78   0x0000000c   Code   RO         5659    i.STC_GetTorqueRef  speed_torq_ctrl.o
    0x08003b84   0x08003b84   0x00000020   Code   RO         5660    i.STC_Init          speed_torq_ctrl.o
    0x08003ba4   0x08003ba4   0x00000008   Code   RO         5662    i.STC_SetControlMode  speed_torq_ctrl.o
    0x08003bac   0x08003bac   0x00000004   Code   RO         5664    i.STC_SetSpeedSensor  speed_torq_ctrl.o
    0x08003bb0   0x08003bb0   0x00000008   Code   RO         5665    i.STC_StopRamp      speed_torq_ctrl.o
    0x08003bb8   0x08003bb8   0x00000016   Code   RO         5780    i.STM_FaultAcknowledged  state_machine.o
    0x08003bce   0x08003bce   0x0000002e   Code   RO         5781    i.STM_FaultProcessing  state_machine.o
    0x08003bfc   0x08003bfc   0x0000000a   Code   RO         5782    i.STM_GetFaultState  state_machine.o
    0x08003c06   0x08003c06   0x00000004   Code   RO         5783    i.STM_GetState      state_machine.o
    0x08003c0a   0x08003c0a   0x0000000a   Code   RO         5784    i.STM_Init          state_machine.o
    0x08003c14   0x08003c14   0x000000dc   Code   RO         5785    i.STM_NextState     state_machine.o
    0x08003cf0   0x08003cf0   0x0000001a   Code   RO         5954    i.STO_GetPLLGains   sto_pll_speed_pos_fdbk.o
    0x08003d0a   0x08003d0a   0x0000000a   Code   RO         5955    i.STO_OTF_ResetPLL  sto_pll_speed_pos_fdbk.o
    0x08003d14   0x08003d14   0x0000004a   Code   RO         5957    i.STO_PLL_CalcAvrgElSpeedDpp  sto_pll_speed_pos_fdbk.o
    0x08003d5e   0x08003d5e   0x00000002   PAD
    0x08003d60   0x08003d60   0x0000012a   Code   RO         5958    i.STO_PLL_CalcAvrgMecSpeedUnit  sto_pll_speed_pos_fdbk.o
    0x08003e8a   0x08003e8a   0x000001d0   Code   RO         5959    i.STO_PLL_CalcElAngle  sto_pll_speed_pos_fdbk.o
    0x0800405a   0x0800405a   0x00000060   Code   RO         5960    i.STO_PLL_Clear     sto_pll_speed_pos_fdbk.o
    0x080040ba   0x080040ba   0x0000000a   Code   RO         5961    i.STO_PLL_ForceConvergency1  sto_pll_speed_pos_fdbk.o
    0x080040c4   0x080040c4   0x0000000a   Code   RO         5962    i.STO_PLL_ForceConvergency2  sto_pll_speed_pos_fdbk.o
    0x080040ce   0x080040ce   0x00000012   Code   RO         5963    i.STO_PLL_GetEstimatedBemf  sto_pll_speed_pos_fdbk.o
    0x080040e0   0x080040e0   0x00000006   Code   RO         5964    i.STO_PLL_GetEstimatedBemfLevel  sto_pll_speed_pos_fdbk.o
    0x080040e6   0x080040e6   0x00000018   Code   RO         5965    i.STO_PLL_GetEstimatedCurrent  sto_pll_speed_pos_fdbk.o
    0x080040fe   0x080040fe   0x00000006   Code   RO         5966    i.STO_PLL_GetObservedBemfLevel  sto_pll_speed_pos_fdbk.o
    0x08004104   0x08004104   0x0000000a   Code   RO         5967    i.STO_PLL_GetObserverGains  sto_pll_speed_pos_fdbk.o
    0x0800410e   0x0800410e   0x00000002   PAD
    0x08004110   0x08004110   0x0000005c   Code   RO         5968    i.STO_PLL_Init      sto_pll_speed_pos_fdbk.o
    0x0800416c   0x0800416c   0x000000a0   Code   RO         5970    i.STO_PLL_IsObserverConverged  sto_pll_speed_pos_fdbk.o
    0x0800420c   0x0800420c   0x00000008   Code   RO         5971    i.STO_PLL_IsVarianceTight  sto_pll_speed_pos_fdbk.o
    0x08004214   0x08004214   0x00000006   Code   RO         5974    i.STO_PLL_SetObserverGains  sto_pll_speed_pos_fdbk.o
    0x0800421a   0x0800421a   0x00000008   Code   RO         5975    i.STO_ResetPLL      sto_pll_speed_pos_fdbk.o
    0x08004222   0x08004222   0x00000018   Code   RO         5978    i.STO_SetPLLGains   sto_pll_speed_pos_fdbk.o
    0x0800423a   0x0800423a   0x00000002   PAD
    0x0800423c   0x0800423c   0x00000028   Code   RO         1181    i.SysTick_Handler   stm32f4xx_mc_it.o
    0x08004264   0x08004264   0x00000094   Code   RO         1438    i.SystemClock_Config  main.o
    0x080042f8   0x080042f8   0x0000001c   Code   RO         4242    i.SystemInit        system_stm32f4xx.o
    0x08004314   0x08004314   0x00000028   Code   RO         1182    i.TIM1_BRK_TIM9_IRQHandler  stm32f4xx_mc_it.o
    0x0800433c   0x0800433c   0x00000018   Code   RO         1183    i.TIM1_UP_TIM10_IRQHandler  stm32f4xx_mc_it.o
    0x08004354   0x08004354   0x000000c8   Code   RO         3077    i.TIM_Base_SetConfig  stm32f4xx_hal_tim.o
    0x0800441c   0x0800441c   0x00000014   Code   RO         3088    i.TIM_ETR_SetConfig  stm32f4xx_hal_tim.o
    0x08004430   0x08004430   0x00000060   Code   RO         3090    i.TIM_OC1_SetConfig  stm32f4xx_hal_tim.o
    0x08004490   0x08004490   0x0000006c   Code   RO         3091    i.TIM_OC2_SetConfig  stm32f4xx_hal_tim.o
    0x080044fc   0x080044fc   0x00000068   Code   RO         3092    i.TIM_OC3_SetConfig  stm32f4xx_hal_tim.o
    0x08004564   0x08004564   0x00000050   Code   RO         3093    i.TIM_OC4_SetConfig  stm32f4xx_hal_tim.o
    0x080045b4   0x080045b4   0x00000086   Code   RO         3094    i.TIM_SlaveTimer_SetConfig  stm32f4xx_hal_tim.o
    0x0800463a   0x0800463a   0x00000022   Code   RO         3095    i.TIM_TI1_ConfigInputStage  stm32f4xx_hal_tim.o
    0x0800465c   0x0800465c   0x00000024   Code   RO         3097    i.TIM_TI2_ConfigInputStage  stm32f4xx_hal_tim.o
    0x08004680   0x08004680   0x00000014   Code   RO          852    i.TSK_ChargeBootCapDelayHasElapsedM1  mc_tasks.o
    0x08004694   0x08004694   0x00000020   Code   RO          853    i.TSK_HardwareFaultTask  mc_tasks.o
    0x080046b4   0x080046b4   0x000000ac   Code   RO          854    i.TSK_HighFrequencyTask  mc_tasks.o
    0x08004760   0x08004760   0x00000230   Code   RO          855    i.TSK_MediumFrequencyTaskM1  mc_tasks.o
    0x08004990   0x08004990   0x00000020   Code   RO          856    i.TSK_SafetyTask    mc_tasks.o
    0x080049b0   0x080049b0   0x00000094   Code   RO          857    i.TSK_SafetyTask_PWMOFF  mc_tasks.o
    0x08004a44   0x08004a44   0x0000000c   Code   RO          858    i.TSK_SetChargeBootCapDelayM1  mc_tasks.o
    0x08004a50   0x08004a50   0x0000000c   Code   RO          859    i.TSK_SetStopPermanencyTimeM1  mc_tasks.o
    0x08004a5c   0x08004a5c   0x00000014   Code   RO          860    i.TSK_StopPermanencyTimeHasElapsedM1  mc_tasks.o
    0x08004a70   0x08004a70   0x00000128   Code   RO         3966    i.UART_SetConfig    stm32f4xx_hal_uart.o
    0x08004b98   0x08004b98   0x00000008   Code   RO         6489    i.UFCP_AbortReceive  usart_frame_communication_protocol.o
    0x08004ba0   0x08004ba0   0x00000004   Code   RO         6490    i.UFCP_Init         usart_frame_communication_protocol.o
    0x08004ba4   0x08004ba4   0x00000014   Code   RO         6491    i.UFCP_OVR_IRQ_Handler  usart_frame_communication_protocol.o
    0x08004bb8   0x08004bb8   0x000000b4   Code   RO         6492    i.UFCP_RX_IRQ_Handler  usart_frame_communication_protocol.o
    0x08004c6c   0x08004c6c   0x00000026   Code   RO         6493    i.UFCP_Receive      usart_frame_communication_protocol.o
    0x08004c92   0x08004c92   0x0000004e   Code   RO         6494    i.UFCP_Send         usart_frame_communication_protocol.o
    0x08004ce0   0x08004ce0   0x00000062   Code   RO         6496    i.UFCP_TX_IRQ_Handler  usart_frame_communication_protocol.o
    0x08004d42   0x08004d42   0x0000006c   Code   RO         1337    i.UI_ExecCmd        user_interface.o
    0x08004dae   0x08004dae   0x00000020   Code   RO         1338    i.UI_ExecSpeedRamp  user_interface.o
    0x08004dce   0x08004dce   0x00000012   Code   RO         1339    i.UI_ExecTorqueRamp  user_interface.o
    0x08004de0   0x08004de0   0x00000004   Code   RO         1340    i.UI_GetMPInfo      user_interface.o
    0x08004de4   0x08004de4   0x00000420   Code   RO         1341    i.UI_GetReg         user_interface.o
    0x08005204   0x08005204   0x00000046   Code   RO         1342    i.UI_GetRevupData   user_interface.o
    0x0800524a   0x0800524a   0x00000004   Code   RO         1343    i.UI_GetSelectedMC  user_interface.o
    0x0800524e   0x0800524e   0x00000018   Code   RO         1256    i.UI_HandleStartStopButton_cb  ui_task.o
    0x08005266   0x08005266   0x00000012   Code   RO         1345    i.UI_Init           user_interface.o
    0x08005278   0x08005278   0x0000002c   Code   RO         1258    i.UI_Scheduler      ui_task.o
    0x080052a4   0x080052a4   0x00000012   Code   RO         1346    i.UI_SelectMC       user_interface.o
    0x080052b6   0x080052b6   0x00000002   PAD
    0x080052b8   0x080052b8   0x0000000c   Code   RO         1261    i.UI_SerialCommunicationTimeOutStart  ui_task.o
    0x080052c4   0x080052c4   0x0000000c   Code   RO         1262    i.UI_SerialCommunicationTimeOutStop  ui_task.o
    0x080052d0   0x080052d0   0x0000001a   Code   RO         1347    i.UI_SetCurrentReferences  user_interface.o
    0x080052ea   0x080052ea   0x000001fc   Code   RO         1348    i.UI_SetReg         user_interface.o
    0x080054e6   0x080054e6   0x00000036   Code   RO         1349    i.UI_SetRevupData   user_interface.o
    0x0800551c   0x0800551c   0x00000064   Code   RO         1264    i.UI_TaskInit       ui_task.o
    0x08005580   0x08005580   0x0000006c   Code   RO         1184    i.USART1_IRQHandler  stm32f4xx_mc_it.o
    0x080055ec   0x080055ec   0x0000000a   Code   RO         4304    i.VBS_GetAvBusVoltage_V  bus_voltage_sensor.o
    0x080055f6   0x080055f6   0x00000004   Code   RO         4305    i.VBS_GetAvBusVoltage_d  bus_voltage_sensor.o
    0x080055fa   0x080055fa   0x00000090   Code   RO         6265    i.VSS_CalcAvrgMecSpeedUnit  virtual_speed_sensor.o
    0x0800568a   0x0800568a   0x00000096   Code   RO         6266    i.VSS_CalcElAngle   virtual_speed_sensor.o
    0x08005720   0x08005720   0x0000002c   Code   RO         6267    i.VSS_Clear         virtual_speed_sensor.o
    0x0800574c   0x0800574c   0x00000008   Code   RO         6269    i.VSS_Init          virtual_speed_sensor.o
    0x08005754   0x08005754   0x0000006e   Code   RO         6274    i.VSS_SetMecAcceleration  virtual_speed_sensor.o
    0x080057c2   0x080057c2   0x0000000e   Code   RO         6275    i.VSS_SetMecAngle   virtual_speed_sensor.o
    0x080057d0   0x080057d0   0x0000001c   Code   RO         6276    i.VSS_SetStartTransition  virtual_speed_sensor.o
    0x080057ec   0x080057ec   0x00000006   Code   RO         6277    i.VSS_TransitionEnded  virtual_speed_sensor.o
    0x080057f2   0x080057f2   0x00000020   Code   RO         2612    i.__NVIC_SetPriority  stm32f4xx_hal_cortex.o
    0x08005812   0x08005812   0x0000000e   Code   RO         6778    i.__scatterload_copy  mc_w.l(handlers.o)
    0x08005820   0x08005820   0x00000002   Code   RO         6779    i.__scatterload_null  mc_w.l(handlers.o)
    0x08005822   0x08005822   0x0000000e   Code   RO         6780    i.__scatterload_zeroinit  mc_w.l(handlers.o)
    0x08005830   0x08005830   0x0000002a   Code   RO         5408    i.getScalingFactor  ramp_ext_mngr.o
    0x0800585a   0x0800585a   0x00000002   PAD
    0x0800585c   0x0800585c   0x0000009c   Code   RO         1439    i.main              main.o
    0x080058f8   0x080058f8   0x0000007c   Code   RO          861    i.mc_lock_pins      mc_tasks.o
    0x08005974   0x08005974   0x0000005c   Code   RO         5156    i.startTimers       pwm_common.o
    0x080059d0   0x080059d0   0x0000004c   Code   RO         5157    i.waitForPolarizationEnd  pwm_common.o
    0x08005a1c   0x08005a1c   0x00000200   Data   RO          536    .constdata          mc_math.o
    0x08005c1c   0x08005c1c   0x00000094   Data   RO          821    .constdata          mc_parameters.o
    0x08005cb0   0x08005cb0   0x00000002   Data   RO          863    .constdata          mc_tasks.o
    0x08005cb2   0x08005cb2   0x00000020   Data   RO         1073    .constdata          motorcontrol.o
    0x08005cd2   0x08005cd2   0x00000010   Data   RO         4243    .constdata          system_stm32f4xx.o
    0x08005ce2   0x08005ce2   0x00000008   Data   RO         4244    .constdata          system_stm32f4xx.o
    0x08005cea   0x08005cea   0x00000006   Data   RO         6497    .constdata          usart_frame_communication_protocol.o
    0x08005cf0   0x08005cf0   0x0000000e   Data   RO         6593    .constdata          r3_2_f4xx_pwm_curr_fdbk.o
    0x08005cfe   0x08005cfe   0x00000002   PAD
    0x08005d00   0x08005d00   0x00000020   Data   RO         6776    Region$$Table       anon$$obj.o


    Execution Region RW_IRAM2 (Exec base: 0x10000000, Load base: 0x08005f18, Size: 0x00000000, Max: 0x00010000, ABSOLUTE)

    **** No section assigned to this execution region ****


    Execution Region RW_IRAM1 (Exec base: 0x20000000, Load base: 0x08005d20, Size: 0x00000db8, Max: 0x00020000, ABSOLUTE, COMPRESSED[0x000001f8])

    Exec Addr    Load Addr    Size         Type   Attr      Idx    E Section Name        Object

    0x20000000   COMPRESSED   0x00000114   Data   RW          465    .data               mc_config.o
    0x20000114   COMPRESSED   0x0000002c   Data   RW          467    .data               mc_config.o
    0x20000140   COMPRESSED   0x0000002c   Data   RW          468    .data               mc_config.o
    0x2000016c   COMPRESSED   0x0000002c   Data   RW          469    .data               mc_config.o
    0x20000198   COMPRESSED   0x00000034   Data   RW          470    .data               mc_config.o
    0x200001cc   COMPRESSED   0x00000078   Data   RW          471    .data               mc_config.o
    0x20000244   COMPRESSED   0x0000007c   Data   RW          472    .data               mc_config.o
    0x200002c0   COMPRESSED   0x00000038   Data   RW          473    .data               mc_config.o
    0x200002f8   COMPRESSED   0x00000128   Data   RW          474    .data               mc_config.o
    0x20000420   COMPRESSED   0x00000014   Data   RW          476    .data               mc_config.o
    0x20000434   COMPRESSED   0x00000028   Data   RW          477    .data               mc_config.o
    0x2000045c   COMPRESSED   0x00000028   Data   RW          478    .data               mc_config.o
    0x20000484   COMPRESSED   0x00000018   Data   RW          479    .data               mc_config.o
    0x2000049c   COMPRESSED   0x000000b4   Data   RW          480    .data               mc_config.o
    0x20000550   COMPRESSED   0x0000013c   Data   RW          481    .data               mc_config.o
    0x2000068c   COMPRESSED   0x0000003a   Data   RW          864    .data               mc_tasks.o
    0x200006c6   COMPRESSED   0x00000002   PAD
    0x200006c8   COMPRESSED   0x00000008   Data   RW         1006    .data               motor_control_protocol.o
    0x200006d0   COMPRESSED   0x0000000c   Data   RW         1074    .data               motorcontrol.o
    0x200006dc   COMPRESSED   0x00000004   Data   RW         1118    .data               regular_conversion_manager.o
    0x200006e0   COMPRESSED   0x00000001   Data   RW         1185    .data               stm32f4xx_mc_it.o
    0x200006e1   COMPRESSED   0x00000003   PAD
    0x200006e4   COMPRESSED   0x0000000c   Data   RW         1266    .data               ui_task.o
    0x200006f0   COMPRESSED   0x0000000c   Data   RW         2756    .data               stm32f4xx_hal.o
    0x200006fc   COMPRESSED   0x00000004   Data   RW         4245    .data               system_stm32f4xx.o
    0x20000700        -       0x00000018   Zero   RW          463    .bss                mc_config.o
    0x20000718        -       0x00000014   Zero   RW          464    .bss                mc_config.o
    0x2000072c        -       0x00000098   Zero   RW          862    .bss                mc_tasks.o
    0x200007c4        -       0x00000030   Zero   RW         1117    .bss                regular_conversion_manager.o
    0x200007f4        -       0x000000b0   Zero   RW         1265    .bss                ui_task.o
    0x200008a4        -       0x00000110   Zero   RW         1440    .bss                main.o
    0x200009b4   COMPRESSED   0x00000004   PAD
    0x200009b8        -       0x00000400   Zero   RW            1    STACK               startup_stm32f407xx.o


==============================================================================

Image component sizes


      Code (inc. data)   RO Data    RW Data    ZI Data      Debug   Object Name

        14          0          0          0          0       1700   bus_voltage_sensor.o
        72          0          0          0          0       1284   circle_limitation.o
         0          0          0          0          0       4044   digital_output.o
        98          0          0          0          0       2725   frame_communication_protocol.o
      1112         68          0          0        272       5390   main.o
        36         12          0          0          0     746796   mc_api.o
         0          0          0       1676         44       2607   mc_config.o
       396          0          0          0          0      14342   mc_interface.o
       360         12        512          0          0       5997   mc_math.o
         0          0        148          0          0        220   mc_parameters.o
      1992        214          2         58        152      17694   mc_tasks.o
      1614        634          0          8          0       6104   motor_control_protocol.o
       102          0          0          0          0       2562   motor_power_measurement.o
        56          8         32         12          0       1311   motorcontrol.o
       164          0          0          0          0       3870   ntc_temperature_sensor.o
       186          6          0          0          0       7645   pid_regulator.o
        84          0          0          0          0       1231   pqd_motor_power_measurement.o
       168          4          0          0          0      33543   pwm_common.o
       488          0          0          0          0       4655   pwm_curr_fdbk.o
      2636         92         14          0          0      98599   r3_2_f4xx_pwm_curr_fdbk.o
       182          0          0          0          0       3526   r_divider_bus_voltage_sensor.o
       248          0          0          0          0       4412   ramp_ext_mngr.o
       428         28          0          4         48      44982   regular_conversion_manager.o
       418          0          0          0          0       8108   revup_ctrl.o
       132          0          0          0          0       4006   speed_pos_fdbk.o
       386          0          0          0          0      10769   speed_torq_ctrl.o
        36          8        392          0       1024        832   startup_stm32f407xx.o
       312         22          0          0          0       4784   state_machine.o
       144         24          0         12          0       8737   stm32f4xx_hal.o
       712         28          0          0          0       2863   stm32f4xx_hal_adc.o
       444         16          0          0          0       1506   stm32f4xx_hal_adc_ex.o
       208         14          0          0          0      35007   stm32f4xx_hal_cortex.o
       440         46          0          0          0       1728   stm32f4xx_hal_gpio.o
       580         68          0          0          0       3936   stm32f4xx_hal_msp.o
      1340         78          0          0          0       5672   stm32f4xx_hal_rcc.o
      1216         88          0          0          0      11501   stm32f4xx_hal_tim.o
       228         28          0          0          0       2148   stm32f4xx_hal_tim_ex.o
       394         10          0          0          0       2036   stm32f4xx_hal_uart.o
       396         32          0          1          0      86726   stm32f4xx_mc_it.o
      1350          4          0          0          0      16737   sto_pll_speed_pos_fdbk.o
        28          6         24          4          0       1143   system_stm32f4xx.o
       192         44          0         12        176       3481   ui_task.o
       426          6          6          0          0      21694   usart_frame_communication_protocol.o
      1916         86          0          0          0      13352   user_interface.o
       504          0          0          0          0       6518   virtual_speed_sensor.o

    ----------------------------------------------------------------------
     22270       1686       1164       1792       1720    1268523   Object Totals
         0          0         32          0          0          0   (incl. Generated)
        32          0          2          5          4          0   (incl. Padding)

    ----------------------------------------------------------------------

      Code (inc. data)   RO Data    RW Data    ZI Data      Debug   Library Member Name

        86          0          0          0          0          0   __dczerorl2.o
         0          0          0          0          0          0   entry.o
         0          0          0          0          0          0   entry10a.o
         0          0          0          0          0          0   entry11a.o
         8          4          0          0          0          0   entry2.o
         4          0          0          0          0          0   entry5.o
         0          0          0          0          0          0   entry7b.o
         0          0          0          0          0          0   entry8b.o
         8          4          0          0          0          0   entry9a.o
        30          0          0          0          0          0   handlers.o
        36          8          0          0          0         68   init.o
        30          0          0          0          0         68   llshl.o
        32          0          0          0          0         68   llushr.o
        36          0          0          0          0         68   memcpya.o
        36          0          0          0          0        108   memseta.o
        98          0          0          0          0         92   uldiv.o

    ----------------------------------------------------------------------
       406         16          0          0          0        472   Library Totals
         2          0          0          0          0          0   (incl. Padding)

    ----------------------------------------------------------------------

      Code (inc. data)   RO Data    RW Data    ZI Data      Debug   Library Name

       404         16          0          0          0        472   mc_w.l

    ----------------------------------------------------------------------
       406         16          0          0          0        472   Library Totals

    ----------------------------------------------------------------------

==============================================================================


      Code (inc. data)   RO Data    RW Data    ZI Data      Debug   

     22676       1702       1164       1792       1720    1242423   Grand Totals
     22676       1702       1164        504       1720    1242423   ELF Image Totals (compressed)
     22676       1702       1164        504          0          0   ROM Totals

==============================================================================

    Total RO  Size (Code + RO Data)                23840 (  23.28kB)
    Total RW  Size (RW Data + ZI Data)              3512 (   3.43kB)
    Total ROM Size (Code + RO Data + RW Data)      24344 (  23.77kB)

==============================================================================

